0.025684 config:192      CONFG INFO      config.yaml loaded from: config.yaml
0.025951 config:218      CONFG INFO      config.ini: {'heuristic.capacity': '20', 'core.loglevel': '40', 'core.show_interval': '1.0', 'core.max_eval': '1000', 'core.discount': '0.95', 'core.smooth': '0.5'}
0.234076 config:343      CONFG INFO      Evaluation method: threaded
0.234268 config:346      CONFG INFO      Environment: {'numpy': '2.5.3', 'scipy': '1.18.1', 'pandas': '3.0.5', 'statsmodels': '0.15.0', 'matplotlib': '3.11.1', 'dask': '2026.8.0', 'git HEAD': b'88c16005149c8cdd63b223c96d03c9cb0f615644'}
seed 42 done (366s)

=== portfolio screen ===  (1 seeds, dims [2, 5], ioh-bbob, budget 200*d, insts [0, 1, 2], 24 fids)
specs: CMAES_alone, Blocks_uniform_cj_warm2, Blocks_uniform_cj_warm2_auto   cells: 144

spec                                    mean        d=2       d=5
Blocks_uniform_cj_warm2_auto          0.2956     0.3899    0.2013
Blocks_uniform_cj_warm2               0.2730     0.3444    0.2015
CMAES_alone                           0.2665     0.3288    0.2041

delta vs CMAES_alone (paired per cell, t-CI over per-seed means)
spec                                    delta                95% CI   seeds        d=2       d=5
Blocks_uniform_cj_warm2_auto          +0.0292                 (n<2)   1/1      +0.0611   -0.0028
Blocks_uniform_cj_warm2               +0.0065                 (n<2)   1/1      +0.0156   -0.0026

--- per COCO class (mean paired delta; no CI — see the note) ---
fids: f1, f2, f3, f4, f5, f6, f7, f8, f9, f10, f11, f12, f13, f14, f15, f16, f17, f18, f19, f20, f21, f22, f23, f24

spec                                            separable            low-cond           high-cond   multimodal-global     multimodal-weak
Blocks_uniform_cj_warm2_auto                       0.4041              0.3401              0.2383              0.2425              0.2618
Blocks_uniform_cj_warm2                            0.3897              0.3051              0.2171              0.2335              0.2258
CMAES_alone                                        0.3607              0.3447              0.1790              0.2480              0.2155

delta vs CMAES_alone, per class
spec                                   pooled            separable            low-cond           high-cond   multimodal-global     multimodal-weak   neg
Blocks_uniform_cj_warm2_auto          +0.0292              +0.0435             -0.0046             +0.0593             -0.0055             +0.0463   2/5 
Blocks_uniform_cj_warm2               +0.0065              +0.0291             -0.0396             +0.0381             -0.0145             +0.0103   2/5 

--- screening gates (design §6) ---
  G5 PASS  best warm (Blocks_uniform_cj_warm2_auto) - best single (CMAES_alone) +0.0292  (need >= +0.000)

--- run health ---
  no errored runs, every run spent its full budget

Null floor: on 3 seeds a CMA-ES-containing spec drifts by up to +-0.05 for no
reason at all, so a gate verdict inside that band is a direction, not evidence.
Only deltas larger than +-0.05 (or a CI that excludes zero, marked `<--`) count;
the 12-seed roster of §6 step 3 is what decides.
