0.046476 config:192      CONFG INFO      config.yaml loaded from: config.yaml
0.046591 config:218      CONFG INFO      config.ini: {'heuristic.capacity': '20', 'core.loglevel': '40', 'core.show_interval': '1.0', 'core.max_eval': '1000', 'core.discount': '0.95', 'core.smooth': '0.5'}
0.181735 config:343      CONFG INFO      Evaluation method: threaded
0.181966 config:346      CONFG INFO      Environment: {'numpy': '2.5.3', 'scipy': '1.18.1', 'pandas': '3.0.5', 'statsmodels': '0.15.0', 'matplotlib': '3.11.1', 'dask': '2026.8.0', 'git HEAD': b'5ec0d104e3b47c6326a252082c3e9ef15d191eea'}
seed 3 done (226s)

=== portfolio screen ===  (1 seeds, dims [2, 5], ioh-bbob, budget 200*d, insts [0, 1], 24 fids)
specs: CMAES_alone, JSO_alone, Blocks_uniform_cj_warm2, Blocks_uniform_cj_warm2_auto, Blocks_cj_sigfloor_nb50   cells: 96

spec                                    mean        d=2       d=5
Blocks_cj_sigfloor_nb50               0.3153     0.4085    0.2221
Blocks_uniform_cj_warm2_auto          0.3131     0.4109    0.2152
Blocks_uniform_cj_warm2               0.3122     0.4048    0.2195
JSO_alone                             0.2932     0.3748    0.2117
CMAES_alone                           0.2622     0.3049    0.2195

delta vs CMAES_alone (paired per cell, t-CI over per-seed means)
spec                                    delta                95% CI   seeds        d=2       d=5
Blocks_cj_sigfloor_nb50               +0.0531                 (n<2)   1/1      +0.1036   +0.0026
Blocks_uniform_cj_warm2_auto          +0.0508                 (n<2)   1/1      +0.1060   -0.0043
Blocks_uniform_cj_warm2               +0.0500                 (n<2)   1/1      +0.0999   +0.0000
JSO_alone                             +0.0310                 (n<2)   1/1      +0.0699   -0.0078

delta vs JSO_alone (paired per cell, t-CI over per-seed means)
spec                                    delta                95% CI   seeds        d=2       d=5
Blocks_cj_sigfloor_nb50               +0.0221                 (n<2)   1/1      +0.0337   +0.0104
Blocks_uniform_cj_warm2_auto          +0.0198                 (n<2)   1/1      +0.0361   +0.0035
Blocks_uniform_cj_warm2               +0.0189                 (n<2)   1/1      +0.0300   +0.0078
CMAES_alone                           -0.0310                 (n<2)   0/1      -0.0699   +0.0078

--- per COCO class (mean paired delta; no CI — see the note) ---
fids: f1, f2, f3, f4, f5, f6, f7, f8, f9, f10, f11, f12, f13, f14, f15, f16, f17, f18, f19, f20, f21, f22, f23, f24

spec                                            separable            low-cond           high-cond   multimodal-global     multimodal-weak
Blocks_cj_sigfloor_nb50                            0.3988              0.3496              0.2403              0.2863              0.3083
Blocks_uniform_cj_warm2_auto                       0.4301              0.3086              0.2110              0.2908              0.3238
Blocks_uniform_cj_warm2                            0.3633              0.3459              0.2572              0.3022              0.2991
JSO_alone                                          0.3980              0.2816              0.2645              0.2310              0.2889
CMAES_alone                                        0.3991              0.2619              0.1844              0.2629              0.2028

delta vs CMAES_alone, per class
spec                                   pooled            separable            low-cond           high-cond   multimodal-global     multimodal-weak   neg
Blocks_cj_sigfloor_nb50               +0.0531              -0.0003             +0.0878             +0.0559             +0.0235             +0.1055   1/5 
Blocks_uniform_cj_warm2_auto          +0.0508              +0.0310             +0.0467             +0.0266             +0.0280             +0.1210   0/5 
Blocks_uniform_cj_warm2               +0.0500              -0.0358             +0.0840             +0.0727             +0.0394             +0.0963   1/5 
JSO_alone                             +0.0310              -0.0011             +0.0197             +0.0800             -0.0319             +0.0860   2/5 

delta vs JSO_alone, per class
spec                                   pooled            separable            low-cond           high-cond   multimodal-global     multimodal-weak   neg
Blocks_cj_sigfloor_nb50               +0.0221              +0.0008             +0.0680             -0.0241             +0.0553             +0.0195   1/5 
Blocks_uniform_cj_warm2_auto          +0.0198              +0.0321             +0.0270             -0.0534             +0.0598             +0.0349   1/5 
Blocks_uniform_cj_warm2               +0.0189              -0.0347             +0.0643             -0.0073             +0.0713             +0.0102   2/5 
CMAES_alone                           -0.0310              +0.0011             -0.0197             -0.0800             +0.0319             -0.0860   3/5 

--- screening gates (design §6) ---
  G5 PASS  best warm (Blocks_uniform_cj_warm2_auto) - best single (JSO_alone) +0.0198  (need >= +0.000)

--- run health ---
  no errored runs, every run spent its full budget

Null floor: on 3 seeds a CMA-ES-containing spec drifts by up to +-0.05 for no
reason at all, so a gate verdict inside that band is a direction, not evidence.
Only deltas larger than +-0.05 (or a CI that excludes zero, marked `<--`) count;
the 12-seed roster of §6 step 3 is what decides.
