0.102434 config:192      CONFG INFO      config.yaml loaded from: config.yaml
0.102612 config:218      CONFG INFO      config.ini: {'heuristic.capacity': '20', 'core.loglevel': '40', 'core.show_interval': '1.0', 'core.max_eval': '1000', 'core.discount': '0.95', 'core.smooth': '0.5'}
0.493700 config:343      CONFG INFO      Evaluation method: threaded
0.493790 config:346      CONFG INFO      Environment: {'numpy': '2.5.3', 'scipy': '1.18.1', 'pandas': '3.0.5', 'statsmodels': '0.15.0', 'matplotlib': '3.11.1', 'dask': '2026.8.0', 'git HEAD': b'5ec0d104e3b47c6326a252082c3e9ef15d191eea'}
seed 1234 done (178s)

=== portfolio screen ===  (1 seeds, dims [2, 5], ioh-bbob, budget 100*d, insts [0, 1], 24 fids)
specs: CMAES_alone, JSO_alone, Blocks_uniform_cj_warm2, Blocks_uniform_cj_warm2_auto, Blocks_cj_sigfloor_nb50   cells: 96

spec                                    mean        d=2       d=5
Blocks_uniform_cj_warm2_auto          0.2176     0.2734    0.1617
Blocks_cj_sigfloor_nb50               0.2091     0.2629    0.1553
Blocks_uniform_cj_warm2               0.2016     0.2485    0.1547
JSO_alone                             0.1928     0.2507    0.1349
CMAES_alone                           0.1858     0.2078    0.1638

delta vs CMAES_alone (paired per cell, t-CI over per-seed means)
spec                                    delta                95% CI   seeds        d=2       d=5
Blocks_uniform_cj_warm2_auto          +0.0318                 (n<2)   1/1      +0.0656   -0.0021
Blocks_cj_sigfloor_nb50               +0.0233                 (n<2)   1/1      +0.0551   -0.0085
Blocks_uniform_cj_warm2               +0.0158                 (n<2)   1/1      +0.0407   -0.0091
JSO_alone                             +0.0070                 (n<2)   1/1      +0.0429   -0.0289

delta vs JSO_alone (paired per cell, t-CI over per-seed means)
spec                                    delta                95% CI   seeds        d=2       d=5
Blocks_uniform_cj_warm2_auto          +0.0248                 (n<2)   1/1      +0.0227   +0.0269
Blocks_cj_sigfloor_nb50               +0.0163                 (n<2)   1/1      +0.0122   +0.0205
Blocks_uniform_cj_warm2               +0.0088                 (n<2)   1/1      -0.0022   +0.0198
CMAES_alone                           -0.0070                 (n<2)   0/1      -0.0429   +0.0289

--- per COCO class (mean paired delta; no CI — see the note) ---
fids: f1, f2, f3, f4, f5, f6, f7, f8, f9, f10, f11, f12, f13, f14, f15, f16, f17, f18, f19, f20, f21, f22, f23, f24

spec                                            separable            low-cond           high-cond   multimodal-global     multimodal-weak
Blocks_uniform_cj_warm2_auto                       0.2842              0.2366              0.1708              0.1813              0.2187
Blocks_cj_sigfloor_nb50                            0.2811              0.2473              0.1637              0.1863              0.1749
Blocks_uniform_cj_warm2                            0.2564              0.2359              0.1552              0.1907              0.1766
JSO_alone                                          0.2220              0.2130              0.1542              0.1645              0.2142
CMAES_alone                                        0.3093              0.1942              0.1086              0.1534              0.1651

delta vs CMAES_alone, per class
spec                                   pooled            separable            low-cond           high-cond   multimodal-global     multimodal-weak   neg
Blocks_uniform_cj_warm2_auto          +0.0318              -0.0251             +0.0424             +0.0622             +0.0279             +0.0536   1/5 
Blocks_cj_sigfloor_nb50               +0.0233              -0.0282             +0.0531             +0.0551             +0.0328             +0.0098   1/5 
Blocks_uniform_cj_warm2               +0.0158              -0.0529             +0.0417             +0.0466             +0.0372             +0.0114   1/5 
JSO_alone                             +0.0070              -0.0873             +0.0188             +0.0457             +0.0111             +0.0491   1/5 

delta vs JSO_alone, per class
spec                                   pooled            separable            low-cond           high-cond   multimodal-global     multimodal-weak   neg
Blocks_uniform_cj_warm2_auto          +0.0248              +0.0622             +0.0236             +0.0166             +0.0168             +0.0045   0/5 
Blocks_cj_sigfloor_nb50               +0.0163              +0.0591             +0.0344             +0.0094             +0.0217             -0.0393   1/5 
Blocks_uniform_cj_warm2               +0.0088              +0.0344             +0.0230             +0.0009             +0.0261             -0.0376   1/5 
CMAES_alone                           -0.0070              +0.0873             -0.0188             -0.0457             -0.0111             -0.0491   4/5 

--- screening gates (design §6) ---
  G5 PASS  best warm (Blocks_uniform_cj_warm2_auto) - best single (JSO_alone) +0.0248  (need >= +0.000)

--- run health ---
  no errored runs, every run spent its full budget

Null floor: on 3 seeds a CMA-ES-containing spec drifts by up to +-0.05 for no
reason at all, so a gate verdict inside that band is a direction, not evidence.
Only deltas larger than +-0.05 (or a CI that excludes zero, marked `<--`) count;
the 12-seed roster of §6 step 3 is what decides.
