0.049858 config:192      CONFG INFO      config.yaml loaded from: config.yaml
0.050324 config:218      CONFG INFO      config.ini: {'heuristic.capacity': '20', 'core.loglevel': '40', 'core.show_interval': '1.0', 'core.max_eval': '1000', 'core.discount': '0.95', 'core.smooth': '0.5'}
0.408522 config:343      CONFG INFO      Evaluation method: threaded
0.408678 config:346      CONFG INFO      Environment: {'numpy': '2.5.3', 'scipy': '1.18.1', 'pandas': '3.0.5', 'statsmodels': '0.15.0', 'matplotlib': '3.11.1', 'dask': '2026.8.0', 'git HEAD': b'88c16005149c8cdd63b223c96d03c9cb0f615644'}
seed 7 done (351s)

=== portfolio screen ===  (1 seeds, dims [2, 5], ioh-bbob, budget 200*d, insts [0, 1, 2], 24 fids)
specs: CMAES_alone, Blocks_uniform_cj_warm2, Blocks_uniform_cj_warm2_auto   cells: 144

spec                                    mean        d=2       d=5
Blocks_uniform_cj_warm2_auto          0.3168     0.4249    0.2087
Blocks_uniform_cj_warm2               0.3091     0.3973    0.2210
CMAES_alone                           0.2734     0.3462    0.2005

delta vs CMAES_alone (paired per cell, t-CI over per-seed means)
spec                                    delta                95% CI   seeds        d=2       d=5
Blocks_uniform_cj_warm2_auto          +0.0434                 (n<2)   1/1      +0.0787   +0.0082
Blocks_uniform_cj_warm2               +0.0358                 (n<2)   1/1      +0.0511   +0.0205

--- per COCO class (mean paired delta; no CI — see the note) ---
fids: f1, f2, f3, f4, f5, f6, f7, f8, f9, f10, f11, f12, f13, f14, f15, f16, f17, f18, f19, f20, f21, f22, f23, f24

spec                                            separable            low-cond           high-cond   multimodal-global     multimodal-weak
Blocks_uniform_cj_warm2_auto                       0.3908              0.3612              0.2479              0.2704              0.3226
Blocks_uniform_cj_warm2                            0.4055              0.3951              0.2106              0.2386              0.3131
CMAES_alone                                        0.3721              0.3283              0.1844              0.2487              0.2444

delta vs CMAES_alone, per class
spec                                   pooled            separable            low-cond           high-cond   multimodal-global     multimodal-weak   neg
Blocks_uniform_cj_warm2_auto          +0.0434              +0.0186             +0.0329             +0.0635             +0.0217             +0.0782   0/5 
Blocks_uniform_cj_warm2               +0.0358              +0.0334             +0.0668             +0.0262             -0.0101             +0.0688   1/5 

--- screening gates (design §6) ---
  G5 PASS  best warm (Blocks_uniform_cj_warm2_auto) - best single (CMAES_alone) +0.0434  (need >= +0.000)

--- run health ---
  no errored runs, every run spent its full budget

Null floor: on 3 seeds a CMA-ES-containing spec drifts by up to +-0.05 for no
reason at all, so a gate verdict inside that band is a direction, not evidence.
Only deltas larger than +-0.05 (or a CI that excludes zero, marked `<--`) count;
the 12-seed roster of §6 step 3 is what decides.
