0.019556 config:192      CONFG INFO      config.yaml loaded from: config.yaml
0.019708 config:218      CONFG INFO      config.ini: {'heuristic.capacity': '20', 'core.loglevel': '40', 'core.show_interval': '1.0', 'core.max_eval': '1000', 'core.discount': '0.95', 'core.smooth': '0.5'}
0.082227 config:343      CONFG INFO      Evaluation method: threaded
0.082349 config:346      CONFG INFO      Environment: {'numpy': '2.5.3', 'scipy': '1.18.1', 'pandas': '3.0.5', 'statsmodels': '0.15.0', 'matplotlib': '3.11.1', 'dask': '2026.8.0', 'git HEAD': b'5ec0d104e3b47c6326a252082c3e9ef15d191eea'}
seed 11 done (158s)

=== portfolio screen ===  (1 seeds, dims [2, 5], ioh-bbob, budget 100*d, insts [0, 1], 24 fids)
specs: CMAES_alone, JSO_alone, Blocks_uniform_cj_warm2, Blocks_uniform_cj_warm2_auto, Blocks_cj_sigfloor_nb50   cells: 96

spec                                    mean        d=2       d=5
Blocks_cj_sigfloor_nb50               0.2156     0.2653    0.1659
Blocks_uniform_cj_warm2_auto          0.2114     0.2743    0.1485
Blocks_uniform_cj_warm2               0.2084     0.2644    0.1524
CMAES_alone                           0.2015     0.2514    0.1515
JSO_alone                             0.1987     0.2562    0.1412

delta vs CMAES_alone (paired per cell, t-CI over per-seed means)
spec                                    delta                95% CI   seeds        d=2       d=5
Blocks_cj_sigfloor_nb50               +0.0141                 (n<2)   1/1      +0.0138   +0.0145
Blocks_uniform_cj_warm2_auto          +0.0099                 (n<2)   1/1      +0.0229   -0.0030
Blocks_uniform_cj_warm2               +0.0069                 (n<2)   1/1      +0.0130   +0.0009
JSO_alone                             -0.0028                 (n<2)   0/1      +0.0047   -0.0103

delta vs JSO_alone (paired per cell, t-CI over per-seed means)
spec                                    delta                95% CI   seeds        d=2       d=5
Blocks_cj_sigfloor_nb50               +0.0169                 (n<2)   1/1      +0.0091   +0.0248
Blocks_uniform_cj_warm2_auto          +0.0127                 (n<2)   1/1      +0.0181   +0.0073
Blocks_uniform_cj_warm2               +0.0097                 (n<2)   1/1      +0.0082   +0.0112
CMAES_alone                           +0.0028                 (n<2)   1/1      -0.0047   +0.0103

--- per COCO class (mean paired delta; no CI — see the note) ---
fids: f1, f2, f3, f4, f5, f6, f7, f8, f9, f10, f11, f12, f13, f14, f15, f16, f17, f18, f19, f20, f21, f22, f23, f24

spec                                            separable            low-cond           high-cond   multimodal-global     multimodal-weak
Blocks_cj_sigfloor_nb50                            0.3030              0.2209              0.1561              0.2074              0.1917
Blocks_uniform_cj_warm2_auto                       0.2629              0.2645              0.1544              0.1827              0.2030
Blocks_uniform_cj_warm2                            0.2681              0.2169              0.1609              0.2099              0.1878
CMAES_alone                                        0.3111              0.2274              0.1153              0.1815              0.1772
JSO_alone                                          0.2316              0.2085              0.1483              0.1638              0.2431

delta vs CMAES_alone, per class
spec                                   pooled            separable            low-cond           high-cond   multimodal-global     multimodal-weak   neg
Blocks_cj_sigfloor_nb50               +0.0141              -0.0081             -0.0065             +0.0408             +0.0260             +0.0144   2/5 
Blocks_uniform_cj_warm2_auto          +0.0099              -0.0482             +0.0371             +0.0391             +0.0013             +0.0258   1/5 
Blocks_uniform_cj_warm2               +0.0069              -0.0430             -0.0105             +0.0456             +0.0284             +0.0106   2/5 
JSO_alone                             -0.0028              -0.0795             -0.0189             +0.0330             -0.0177             +0.0659   3/5 

delta vs JSO_alone, per class
spec                                   pooled            separable            low-cond           high-cond   multimodal-global     multimodal-weak   neg
Blocks_cj_sigfloor_nb50               +0.0169              +0.0713             +0.0124             +0.0078             +0.0437             -0.0514   1/5 
Blocks_uniform_cj_warm2_auto          +0.0127              +0.0313             +0.0560             +0.0061             +0.0190             -0.0401   1/5 
Blocks_uniform_cj_warm2               +0.0097              +0.0365             +0.0084             +0.0126             +0.0461             -0.0553   1/5 
CMAES_alone                           +0.0028              +0.0795             +0.0189             -0.0330             +0.0177             -0.0659   2/5 

--- screening gates (design §6) ---
  G5 PASS  best warm (Blocks_uniform_cj_warm2_auto) - best single (CMAES_alone) +0.0099  (need >= +0.000)

--- run health ---
  no errored runs, every run spent its full budget

Null floor: on 3 seeds a CMA-ES-containing spec drifts by up to +-0.05 for no
reason at all, so a gate verdict inside that band is a direction, not evidence.
Only deltas larger than +-0.05 (or a CI that excludes zero, marked `<--`) count;
the 12-seed roster of §6 step 3 is what decides.
