0.016799 config:192      CONFG INFO      config.yaml loaded from: config.yaml
0.017057 config:218      CONFG INFO      config.ini: {'heuristic.capacity': '20', 'core.loglevel': '40', 'core.show_interval': '1.0', 'core.max_eval': '1000', 'core.discount': '0.95', 'core.smooth': '0.5'}
0.121894 config:343      CONFG INFO      Evaluation method: threaded
0.122194 config:346      CONFG INFO      Environment: {'numpy': '2.5.3', 'scipy': '1.18.1', 'pandas': '3.0.5', 'statsmodels': '0.15.0', 'matplotlib': '3.11.1', 'dask': '2026.8.0', 'git HEAD': b'5ec0d104e3b47c6326a252082c3e9ef15d191eea'}
seed 7 done (256s)

=== portfolio screen ===  (1 seeds, dims [2, 5], ioh-bbob, budget 200*d, insts [0, 1], 24 fids)
specs: CMAES_alone, JSO_alone, Blocks_uniform_cj_warm2, Blocks_uniform_cj_warm2_auto, Blocks_cj_sigfloor_nb50   cells: 96

spec                                    mean        d=2       d=5
Blocks_uniform_cj_warm2_auto          0.3191     0.4263    0.2118
Blocks_cj_sigfloor_nb50               0.3103     0.3831    0.2375
Blocks_uniform_cj_warm2               0.3067     0.3812    0.2322
JSO_alone                             0.2958     0.4019    0.1896
CMAES_alone                           0.2743     0.3435    0.2052

delta vs CMAES_alone (paired per cell, t-CI over per-seed means)
spec                                    delta                95% CI   seeds        d=2       d=5
Blocks_uniform_cj_warm2_auto          +0.0447                 (n<2)   1/1      +0.0829   +0.0066
Blocks_cj_sigfloor_nb50               +0.0360                 (n<2)   1/1      +0.0396   +0.0323
Blocks_uniform_cj_warm2               +0.0324                 (n<2)   1/1      +0.0378   +0.0270
JSO_alone                             +0.0214                 (n<2)   1/1      +0.0585   -0.0156

delta vs JSO_alone (paired per cell, t-CI over per-seed means)
spec                                    delta                95% CI   seeds        d=2       d=5
Blocks_uniform_cj_warm2_auto          +0.0233                 (n<2)   1/1      +0.0244   +0.0222
Blocks_cj_sigfloor_nb50               +0.0145                 (n<2)   1/1      -0.0189   +0.0479
Blocks_uniform_cj_warm2               +0.0110                 (n<2)   1/1      -0.0207   +0.0426
CMAES_alone                           -0.0214                 (n<2)   0/1      -0.0585   +0.0156

--- per COCO class (mean paired delta; no CI — see the note) ---
fids: f1, f2, f3, f4, f5, f6, f7, f8, f9, f10, f11, f12, f13, f14, f15, f16, f17, f18, f19, f20, f21, f22, f23, f24

spec                                            separable            low-cond           high-cond   multimodal-global     multimodal-weak
Blocks_uniform_cj_warm2_auto                       0.4057              0.3806              0.2534              0.2529              0.3151
Blocks_cj_sigfloor_nb50                            0.3949              0.4252              0.2343              0.2261              0.2939
Blocks_uniform_cj_warm2                            0.3857              0.4186              0.2351              0.2160              0.3007
JSO_alone                                          0.3843              0.3585              0.2553              0.1981              0.2953
CMAES_alone                                        0.3801              0.3409              0.1815              0.2422              0.2403

delta vs CMAES_alone, per class
spec                                   pooled            separable            low-cond           high-cond   multimodal-global     multimodal-weak   neg
Blocks_uniform_cj_warm2_auto          +0.0447              +0.0255             +0.0398             +0.0719             +0.0107             +0.0748   0/5 
Blocks_cj_sigfloor_nb50               +0.0360              +0.0148             +0.0843             +0.0528             -0.0161             +0.0537   1/5 
Blocks_uniform_cj_warm2               +0.0324              +0.0056             +0.0777             +0.0536             -0.0262             +0.0604   1/5 
JSO_alone                             +0.0214              +0.0042             +0.0176             +0.0737             -0.0441             +0.0550   1/5 

delta vs JSO_alone, per class
spec                                   pooled            separable            low-cond           high-cond   multimodal-global     multimodal-weak   neg
Blocks_uniform_cj_warm2_auto          +0.0233              +0.0214             +0.0221             -0.0019             +0.0548             +0.0199   1/5 
Blocks_cj_sigfloor_nb50               +0.0145              +0.0106             +0.0667             -0.0210             +0.0280             -0.0013   2/5 
Blocks_uniform_cj_warm2               +0.0110              +0.0014             +0.0601             -0.0202             +0.0179             +0.0055   1/5 
CMAES_alone                           -0.0214              -0.0042             -0.0176             -0.0737             +0.0441             -0.0550   4/5 

--- screening gates (design §6) ---
  G5 PASS  best warm (Blocks_uniform_cj_warm2_auto) - best single (JSO_alone) +0.0233  (need >= +0.000)

--- run health ---
  no errored runs, every run spent its full budget

Null floor: on 3 seeds a CMA-ES-containing spec drifts by up to +-0.05 for no
reason at all, so a gate verdict inside that band is a direction, not evidence.
Only deltas larger than +-0.05 (or a CI that excludes zero, marked `<--`) count;
the 12-seed roster of §6 step 3 is what decides.
