0.035902 config:192      CONFG INFO      config.yaml loaded from: config.yaml
0.036474 config:218      CONFG INFO      config.ini: {'heuristic.capacity': '20', 'core.loglevel': '40', 'core.show_interval': '1.0', 'core.max_eval': '1000', 'core.discount': '0.95', 'core.smooth': '0.5'}
0.325641 config:343      CONFG INFO      Evaluation method: threaded
0.327356 config:346      CONFG INFO      Environment: {'numpy': '2.5.3', 'scipy': '1.18.1', 'pandas': '3.0.5', 'statsmodels': '0.15.0', 'matplotlib': '3.11.1', 'dask': '2026.8.0', 'git HEAD': b'5ec0d104e3b47c6326a252082c3e9ef15d191eea'}
seed 42 done (169s)

=== portfolio screen ===  (1 seeds, dims [2, 5], ioh-bbob, budget 100*d, insts [0, 1], 24 fids)
specs: CMAES_alone, JSO_alone, Blocks_uniform_cj_warm2, Blocks_uniform_cj_warm2_auto, Blocks_cj_sigfloor_nb50   cells: 96

spec                                    mean        d=2       d=5
Blocks_uniform_cj_warm2_auto          0.2220     0.2856    0.1583
Blocks_cj_sigfloor_nb50               0.2062     0.2501    0.1622
CMAES_alone                           0.2017     0.2570    0.1463
Blocks_uniform_cj_warm2               0.2007     0.2421    0.1592
JSO_alone                             0.1778     0.2198    0.1358

delta vs CMAES_alone (paired per cell, t-CI over per-seed means)
spec                                    delta                95% CI   seeds        d=2       d=5
Blocks_uniform_cj_warm2_auto          +0.0203                 (n<2)   1/1      +0.0286   +0.0120
Blocks_cj_sigfloor_nb50               +0.0045                 (n<2)   1/1      -0.0069   +0.0159
Blocks_uniform_cj_warm2               -0.0010                 (n<2)   0/1      -0.0149   +0.0129
JSO_alone                             -0.0239                 (n<2)   0/1      -0.0372   -0.0105

delta vs JSO_alone (paired per cell, t-CI over per-seed means)
spec                                    delta                95% CI   seeds        d=2       d=5
Blocks_uniform_cj_warm2_auto          +0.0442                 (n<2)   1/1      +0.0658   +0.0225
Blocks_cj_sigfloor_nb50               +0.0284                 (n<2)   1/1      +0.0303   +0.0264
CMAES_alone                           +0.0239                 (n<2)   1/1      +0.0372   +0.0105
Blocks_uniform_cj_warm2               +0.0229                 (n<2)   1/1      +0.0223   +0.0235

--- per COCO class (mean paired delta; no CI — see the note) ---
fids: f1, f2, f3, f4, f5, f6, f7, f8, f9, f10, f11, f12, f13, f14, f15, f16, f17, f18, f19, f20, f21, f22, f23, f24

spec                                            separable            low-cond           high-cond   multimodal-global     multimodal-weak
Blocks_uniform_cj_warm2_auto                       0.3079              0.2452              0.1475              0.1894              0.2244
Blocks_cj_sigfloor_nb50                            0.2624              0.1935              0.1542              0.2021              0.2160
CMAES_alone                                        0.2862              0.2365              0.1189              0.1751              0.1987
Blocks_uniform_cj_warm2                            0.2393              0.1998              0.1470              0.2036              0.2135
JSO_alone                                          0.2084              0.2086              0.1478              0.1697              0.1606

delta vs CMAES_alone, per class
spec                                   pooled            separable            low-cond           high-cond   multimodal-global     multimodal-weak   neg
Blocks_uniform_cj_warm2_auto          +0.0203              +0.0217             +0.0087             +0.0286             +0.0143             +0.0257   0/5 
Blocks_cj_sigfloor_nb50               +0.0045              -0.0238             -0.0429             +0.0353             +0.0270             +0.0173   2/5 
Blocks_uniform_cj_warm2               -0.0010              -0.0468             -0.0367             +0.0281             +0.0284             +0.0147   2/5 
JSO_alone                             -0.0239              -0.0778             -0.0278             +0.0289             -0.0054             -0.0381   4/5 

delta vs JSO_alone, per class
spec                                   pooled            separable            low-cond           high-cond   multimodal-global     multimodal-weak   neg
Blocks_uniform_cj_warm2_auto          +0.0442              +0.0995             +0.0365             -0.0003             +0.0197             +0.0638   1/5 
Blocks_cj_sigfloor_nb50               +0.0284              +0.0540             -0.0151             +0.0064             +0.0324             +0.0554   1/5 
CMAES_alone                           +0.0239              +0.0778             +0.0278             -0.0289             +0.0054             +0.0381   1/5 
Blocks_uniform_cj_warm2               +0.0229              +0.0310             -0.0088             -0.0008             +0.0339             +0.0529   2/5 

--- screening gates (design §6) ---
  G5 PASS  best warm (Blocks_uniform_cj_warm2_auto) - best single (CMAES_alone) +0.0203  (need >= +0.000)

--- run health ---
  no errored runs, every run spent its full budget

Null floor: on 3 seeds a CMA-ES-containing spec drifts by up to +-0.05 for no
reason at all, so a gate verdict inside that band is a direction, not evidence.
Only deltas larger than +-0.05 (or a CI that excludes zero, marked `<--`) count;
the 12-seed roster of §6 step 3 is what decides.
