0.011150 config:192      CONFG INFO      config.yaml loaded from: config.yaml
0.011250 config:218      CONFG INFO      config.ini: {'heuristic.capacity': '20', 'core.loglevel': '40', 'core.show_interval': '1.0', 'core.max_eval': '1000', 'core.discount': '0.95', 'core.smooth': '0.5'}
0.076034 config:343      CONFG INFO      Evaluation method: threaded
0.076082 config:346      CONFG INFO      Environment: {'numpy': '2.5.3', 'scipy': '1.18.1', 'pandas': '3.0.5', 'statsmodels': '0.15.0', 'matplotlib': '3.11.1', 'dask': '2026.8.0', 'git HEAD': b'5ec0d104e3b47c6326a252082c3e9ef15d191eea'}
seed 42 done (232s)

=== portfolio screen ===  (1 seeds, dims [2, 5], ioh-bbob, budget 200*d, insts [0, 1], 24 fids)
specs: CMAES_alone, JSO_alone, Blocks_uniform_cj_warm2, Blocks_uniform_cj_warm2_auto, Blocks_cj_sigfloor_nb50   cells: 96

spec                                    mean        d=2       d=5
Blocks_uniform_cj_warm2_auto          0.2947     0.3937    0.1957
Blocks_cj_sigfloor_nb50               0.2792     0.3501    0.2084
JSO_alone                             0.2759     0.3570    0.1948
CMAES_alone                           0.2737     0.3305    0.2169
Blocks_uniform_cj_warm2               0.2639     0.3282    0.1997

delta vs CMAES_alone (paired per cell, t-CI over per-seed means)
spec                                    delta                95% CI   seeds        d=2       d=5
Blocks_uniform_cj_warm2_auto          +0.0210                 (n<2)   1/1      +0.0632   -0.0212
Blocks_cj_sigfloor_nb50               +0.0055                 (n<2)   1/1      +0.0196   -0.0085
JSO_alone                             +0.0022                 (n<2)   1/1      +0.0265   -0.0221
Blocks_uniform_cj_warm2               -0.0098                 (n<2)   0/1      -0.0023   -0.0172

delta vs JSO_alone (paired per cell, t-CI over per-seed means)
spec                                    delta                95% CI   seeds        d=2       d=5
Blocks_uniform_cj_warm2_auto          +0.0188                 (n<2)   1/1      +0.0367   +0.0009
Blocks_cj_sigfloor_nb50               +0.0033                 (n<2)   1/1      -0.0069   +0.0136
CMAES_alone                           -0.0022                 (n<2)   0/1      -0.0265   +0.0221
Blocks_uniform_cj_warm2               -0.0120                 (n<2)   0/1      -0.0288   +0.0049

--- per COCO class (mean paired delta; no CI — see the note) ---
fids: f1, f2, f3, f4, f5, f6, f7, f8, f9, f10, f11, f12, f13, f14, f15, f16, f17, f18, f19, f20, f21, f22, f23, f24

spec                                            separable            low-cond           high-cond   multimodal-global     multimodal-weak
Blocks_uniform_cj_warm2_auto                       0.4124              0.3371              0.2363              0.2401              0.2561
Blocks_cj_sigfloor_nb50                            0.3843              0.3541              0.2178              0.2450              0.2100
JSO_alone                                          0.3830              0.2982              0.2821              0.2187              0.2020
CMAES_alone                                        0.3744              0.3417              0.1756              0.2446              0.2458
Blocks_uniform_cj_warm2                            0.3623              0.2906              0.2054              0.2438              0.2230

delta vs CMAES_alone, per class
spec                                   pooled            separable            low-cond           high-cond   multimodal-global     multimodal-weak   neg
Blocks_uniform_cj_warm2_auto          +0.0210              +0.0380             -0.0046             +0.0608             -0.0045             +0.0103   2/5 
Blocks_cj_sigfloor_nb50               +0.0055              +0.0099             +0.0124             +0.0422             +0.0004             -0.0359   1/5 
JSO_alone                             +0.0022              +0.0086             -0.0435             +0.1065             -0.0259             -0.0438   3/5 
Blocks_uniform_cj_warm2               -0.0098              -0.0121             -0.0511             +0.0298             -0.0008             -0.0229   4/5 

delta vs JSO_alone, per class
spec                                   pooled            separable            low-cond           high-cond   multimodal-global     multimodal-weak   neg
Blocks_uniform_cj_warm2_auto          +0.0188              +0.0294             +0.0389             -0.0457             +0.0214             +0.0541   1/5 
Blocks_cj_sigfloor_nb50               +0.0033              +0.0012             +0.0559             -0.0643             +0.0263             +0.0080   1/5 
CMAES_alone                           -0.0022              -0.0086             +0.0435             -0.1065             +0.0259             +0.0438   2/5 
Blocks_uniform_cj_warm2               -0.0120              -0.0207             -0.0075             -0.0767             +0.0251             +0.0210   3/5 

--- screening gates (design §6) ---
  G5 PASS  best warm (Blocks_uniform_cj_warm2_auto) - best single (JSO_alone) +0.0188  (need >= +0.000)

--- run health ---
  no errored runs, every run spent its full budget

Null floor: on 3 seeds a CMA-ES-containing spec drifts by up to +-0.05 for no
reason at all, so a gate verdict inside that band is a direction, not evidence.
Only deltas larger than +-0.05 (or a CI that excludes zero, marked `<--`) count;
the 12-seed roster of §6 step 3 is what decides.
