0.010614 config:192      CONFG INFO      config.yaml loaded from: config.yaml
0.010708 config:218      CONFG INFO      config.ini: {'heuristic.capacity': '20', 'core.loglevel': '40', 'core.show_interval': '1.0', 'core.max_eval': '1000', 'core.discount': '0.95', 'core.smooth': '0.5'}
0.067475 config:343      CONFG INFO      Evaluation method: threaded
0.067516 config:346      CONFG INFO      Environment: {'numpy': '2.5.3', 'scipy': '1.18.1', 'pandas': '3.0.5', 'statsmodels': '0.15.0', 'matplotlib': '3.11.1', 'dask': '2026.8.0', 'git HEAD': b'14244d1d76960b87829c2b7725242ac447da08d5'}
seed 42 done (20s)
seed 7 done (40s)
seed 1234 done (60s)
seed 2025 done (80s)
seed 3 done (100s)
seed 11 done (120s)
seed 99 done (140s)
seed 123 done (160s)
seed 777 done (180s)
seed 2024 done (200s)
seed 31337 done (220s)
seed 555 done (240s)

=== portfolio screen ===  (12 seeds, dims [2, 5], ioh-standard, budget 200*d, insts [0, 1, 2, 3, 4])
specs: CMAES_alone, Blocks_uniform_cj_warm2_auto, Blocks_cj_warm2_cov_auto, Blocks_cj_warm2_covshrink_auto, Blocks_cj_warm2_wide_auto   cells: 120

spec                                    mean        d=2       d=5
Blocks_uniform_cj_warm2_auto          0.5297     0.5721    0.4872
Blocks_cj_warm2_wide_auto             0.5214     0.5721    0.4707
Blocks_cj_warm2_covshrink_auto        0.5120     0.5801    0.4439
Blocks_cj_warm2_cov_auto              0.5003     0.5822    0.4184
CMAES_alone                           0.4874     0.5410    0.4337

delta vs CMAES_alone (paired per cell, t-CI over per-seed means)
spec                                    delta                95% CI   seeds        d=2       d=5
Blocks_uniform_cj_warm2_auto          +0.0423     [+0.0168,+0.0679]  11/12     +0.0311   +0.0536 <--
Blocks_cj_warm2_wide_auto             +0.0341     [+0.0106,+0.0576]  10/12     +0.0311   +0.0371 <--
Blocks_cj_warm2_covshrink_auto        +0.0246     [+0.0052,+0.0440]  10/12     +0.0390   +0.0102 <--
Blocks_cj_warm2_cov_auto              +0.0130     [-0.0093,+0.0352]   8/12     +0.0411   -0.0152

--- screening gates (design §6) ---
  G5 PASS  best warm (Blocks_uniform_cj_warm2_auto) - best single (CMAES_alone) +0.0423  (need >= +0.000)

--- run health ---
  no errored runs, every run spent its full budget

Null floor: on 3 seeds a CMA-ES-containing spec drifts by up to +-0.05 for no
reason at all, so a gate verdict inside that band is a direction, not evidence.
Only deltas larger than +-0.05 (or a CI that excludes zero, marked `<--`) count;
the 12-seed roster of §6 step 3 is what decides.
