0.010765 config:192      CONFG INFO      config.yaml loaded from: config.yaml
0.010860 config:218      CONFG INFO      config.ini: {'heuristic.capacity': '20', 'core.loglevel': '40', 'core.show_interval': '1.0', 'core.max_eval': '1000', 'core.discount': '0.95', 'core.smooth': '0.5'}
0.067385 config:343      CONFG INFO      Evaluation method: threaded
0.067427 config:346      CONFG INFO      Environment: {'numpy': '2.5.3', 'scipy': '1.18.1', 'pandas': '3.0.5', 'statsmodels': '0.15.0', 'matplotlib': '3.11.1', 'dask': '2026.8.0', 'git HEAD': b'39ba601bd5750ae97181d685950d2414bf7ba267'}
seed 42 done (29s)
seed 7 done (58s)
seed 1234 done (87s)
seed 2025 done (116s)
seed 3 done (145s)
seed 11 done (173s)
seed 99 done (203s)
seed 123 done (232s)
seed 777 done (261s)
seed 2024 done (291s)
seed 31337 done (320s)
seed 555 done (349s)

=== portfolio screen ===  (12 seeds, dims [2, 5], ioh-standard, budget 200*d, insts [0, 1, 2, 3, 4])
specs: CMAES_alone, Blocks_uniform_cj_warm2, Blocks_uniform_cj_warm2_auto, Blocks_cj_sigfloor_nb50, Blocks_cj_sigfloor_auto, Blocks_cj_keepC_nb50, Blocks_cj_keepC_auto   cells: 120

spec                                    mean        d=2       d=5
Blocks_cj_sigfloor_nb50               0.5375     0.5998    0.4753
Blocks_uniform_cj_warm2_auto          0.5297     0.5721    0.4872
Blocks_uniform_cj_warm2               0.5239     0.5554    0.4924
Blocks_cj_keepC_auto                  0.5124     0.5516    0.4732
Blocks_cj_sigfloor_auto               0.5063     0.5440    0.4687
Blocks_cj_keepC_nb50                  0.4986     0.5542    0.4430
CMAES_alone                           0.4874     0.5410    0.4337

delta vs CMAES_alone (paired per cell, t-CI over per-seed means)
spec                                    delta                95% CI   seeds        d=2       d=5
Blocks_cj_sigfloor_nb50               +0.0502     [+0.0200,+0.0804]   9/12     +0.0588   +0.0416 <--
Blocks_uniform_cj_warm2_auto          +0.0423     [+0.0168,+0.0679]  11/12     +0.0311   +0.0536 <--
Blocks_uniform_cj_warm2               +0.0365     [+0.0037,+0.0694]   9/12     +0.0144   +0.0587 <--
Blocks_cj_keepC_auto                  +0.0250     [-0.0090,+0.0591]   9/12     +0.0106   +0.0395
Blocks_cj_sigfloor_auto               +0.0190     [-0.0015,+0.0394]  10/12     +0.0029   +0.0350
Blocks_cj_keepC_nb50                  +0.0113     [-0.0247,+0.0472]   5/12     +0.0132   +0.0093

--- screening gates (design §6) ---
  G5 PASS  best warm (Blocks_uniform_cj_warm2_auto) - best single (CMAES_alone) +0.0423  (need >= +0.000)

--- run health ---
  no errored runs, every run spent its full budget

Null floor: on 3 seeds a CMA-ES-containing spec drifts by up to +-0.05 for no
reason at all, so a gate verdict inside that band is a direction, not evidence.
Only deltas larger than +-0.05 (or a CI that excludes zero, marked `<--`) count;
the 12-seed roster of §6 step 3 is what decides.
