0.014687 config:192      CONFG INFO      config.yaml loaded from: config.yaml
0.014815 config:218      CONFG INFO      config.ini: {'heuristic.capacity': '20', 'core.loglevel': '40', 'core.show_interval': '1.0', 'core.max_eval': '1000', 'core.discount': '0.95', 'core.smooth': '0.5'}
0.077331 config:343      CONFG INFO      Evaluation method: threaded
0.077372 config:346      CONFG INFO      Environment: {'numpy': '2.5.3', 'scipy': '1.18.1', 'pandas': '3.0.5', 'statsmodels': '0.15.0', 'matplotlib': '3.11.1', 'dask': '2026.8.0', 'git HEAD': b'39ba601bd5750ae97181d685950d2414bf7ba267'}
seed 42 done (19s)
seed 7 done (38s)
seed 1234 done (58s)
seed 2025 done (78s)
seed 3 done (98s)
seed 11 done (117s)
seed 99 done (136s)
seed 123 done (156s)
seed 777 done (175s)
seed 2024 done (194s)
seed 31337 done (213s)
seed 555 done (233s)

=== portfolio screen ===  (12 seeds, dims [2, 5], ioh-standard, budget 100*d, insts [0, 1, 2, 3, 4])
specs: CMAES_alone, Blocks_uniform_cj_warm2, Blocks_uniform_cj_warm2_auto, Blocks_cj_sigfloor_nb50, Blocks_cj_sigfloor_auto, Blocks_cj_keepC_nb50, Blocks_cj_keepC_auto   cells: 120

spec                                    mean        d=2       d=5
Blocks_cj_sigfloor_nb50               0.4168     0.4465    0.3871
Blocks_uniform_cj_warm2               0.4120     0.4460    0.3780
Blocks_cj_keepC_nb50                  0.3945     0.4427    0.3464
Blocks_uniform_cj_warm2_auto          0.3920     0.4230    0.3610
Blocks_cj_keepC_auto                  0.3867     0.4162    0.3572
Blocks_cj_sigfloor_auto               0.3714     0.3956    0.3473
CMAES_alone                           0.3562     0.3941    0.3182

delta vs CMAES_alone (paired per cell, t-CI over per-seed means)
spec                                    delta                95% CI   seeds        d=2       d=5
Blocks_cj_sigfloor_nb50               +0.0606     [+0.0416,+0.0796]  12/12     +0.0523   +0.0689 <--
Blocks_uniform_cj_warm2               +0.0558     [+0.0368,+0.0749]  12/12     +0.0519   +0.0598 <--
Blocks_cj_keepC_nb50                  +0.0384     [+0.0151,+0.0617]  11/12     +0.0486   +0.0282 <--
Blocks_uniform_cj_warm2_auto          +0.0359     [+0.0178,+0.0539]  10/12     +0.0289   +0.0428 <--
Blocks_cj_keepC_auto                  +0.0306     [+0.0079,+0.0533]  10/12     +0.0221   +0.0390 <--
Blocks_cj_sigfloor_auto               +0.0153     [+0.0062,+0.0244]  11/12     +0.0015   +0.0291 <--

--- screening gates (design §6) ---
  G5 PASS  best warm (Blocks_uniform_cj_warm2) - best single (CMAES_alone) +0.0558  (need >= +0.000)

--- run health ---
  no errored runs, every run spent its full budget

Null floor: on 3 seeds a CMA-ES-containing spec drifts by up to +-0.05 for no
reason at all, so a gate verdict inside that band is a direction, not evidence.
Only deltas larger than +-0.05 (or a CI that excludes zero, marked `<--`) count;
the 12-seed roster of §6 step 3 is what decides.
