0.015546 config:192      CONFG INFO      config.yaml loaded from: config.yaml
0.015641 config:218      CONFG INFO      config.ini: {'heuristic.capacity': '20', 'core.loglevel': '40', 'core.show_interval': '1.0', 'core.max_eval': '1000', 'core.discount': '0.95', 'core.smooth': '0.5'}
0.077333 config:343      CONFG INFO      Evaluation method: threaded
0.077376 config:346      CONFG INFO      Environment: {'numpy': '2.5.3', 'scipy': '1.18.1', 'pandas': '3.0.5', 'statsmodels': '0.15.0', 'matplotlib': '3.11.1', 'dask': '2026.8.0', 'git HEAD': b'3ae0408ea9842fdf554441de5bd36b158bc78d53'}
seed 42 done (36s)
seed 7 done (72s)
seed 1234 done (107s)
seed 2025 done (141s)
seed 3 done (177s)
seed 11 done (212s)
seed 99 done (246s)
seed 123 done (282s)
seed 777 done (316s)
seed 2024 done (351s)
seed 31337 done (386s)
seed 555 done (421s)

=== portfolio screen ===  (12 seeds, dims [2, 5], ioh-standard, budget 200*d, insts [0, 1, 2, 3, 4])
specs: CMAES_alone, Blocks_uniform_cj_warm2, Blocks_cj_cold_nb50, Blocks_cj_warm_be25, Blocks_cj_cold_be25, Blocks_cj_warm_be50, Blocks_cj_cold_be50, Blocks_uniform_cj_warm2_auto, Blocks_cj_cold_auto   cells: 120

spec                                    mean        d=2       d=5
Blocks_uniform_cj_warm2_auto          0.5297     0.5721    0.4872
Blocks_uniform_cj_warm2               0.5239     0.5554    0.4924
Blocks_cj_warm_be25                   0.5235     0.5572    0.4897
Blocks_cj_warm_be50                   0.5171     0.5637    0.4705
CMAES_alone                           0.4874     0.5410    0.4337
Blocks_cj_cold_be50                   0.3974     0.4513    0.3434
Blocks_cj_cold_be25                   0.3928     0.4456    0.3399
Blocks_cj_cold_auto                   0.3918     0.4437    0.3399
Blocks_cj_cold_nb50                   0.3912     0.4429    0.3395

delta vs CMAES_alone (paired per cell, t-CI over per-seed means)
spec                                    delta                95% CI   seeds        d=2       d=5
Blocks_uniform_cj_warm2_auto          +0.0423     [+0.0168,+0.0679]  11/12     +0.0311   +0.0536 <--
Blocks_uniform_cj_warm2               +0.0365     [+0.0037,+0.0694]   9/12     +0.0144   +0.0587 <--
Blocks_cj_warm_be25                   +0.0361     [+0.0151,+0.0571]  10/12     +0.0161   +0.0561 <--
Blocks_cj_warm_be50                   +0.0297     [+0.0009,+0.0586]  10/12     +0.0227   +0.0368 <--
Blocks_cj_cold_be50                   -0.0900     [-0.1091,-0.0708]   0/12     -0.0897   -0.0902 <--
Blocks_cj_cold_be25                   -0.0946     [-0.1142,-0.0749]   0/12     -0.0955   -0.0937 <--
Blocks_cj_cold_auto                   -0.0956     [-0.1177,-0.0734]   0/12     -0.0974   -0.0937 <--
Blocks_cj_cold_nb50                   -0.0962     [-0.1184,-0.0739]   0/12     -0.0981   -0.0942 <--

--- screening gates (design §6) ---
  G5 PASS  best warm (Blocks_uniform_cj_warm2_auto) - best single (CMAES_alone) +0.0423  (need >= +0.000)

--- run health ---
  no errored runs, every run spent its full budget

Null floor: on 3 seeds a CMA-ES-containing spec drifts by up to +-0.05 for no
reason at all, so a gate verdict inside that band is a direction, not evidence.
Only deltas larger than +-0.05 (or a CI that excludes zero, marked `<--`) count;
the 12-seed roster of §6 step 3 is what decides.
