battery constrained: 24 instances (4 families, dims [2, 5]), budget 500*d, 4 specs, 3 seeds
0.019761 config:192      CONFG INFO      config.yaml loaded from: config.yaml
0.019958 config:218      CONFG INFO      config.ini: {'heuristic.capacity': '20', 'core.loglevel': '40', 'core.show_interval': '1.0', 'core.max_eval': '1000', 'core.discount': '0.95', 'core.smooth': '0.5'}
0.214085 config:333      CONFG INFO      Evaluation method: threaded
0.214191 config:336      CONFG INFO      Environment: {'numpy': '2.5.3', 'scipy': '1.18.1', 'pandas': '3.0.5', 'statsmodels': '0.15.0', 'matplotlib': '3.11.1', 'dask': '2026.8.0', 'git HEAD': b'2b835f5dd2ec10ac9149ece3d4eaef5b204f09de'}
seed 42 done (185s)
seed 7 done (348s)
seed 1234 done (537s)

=== family screen ===  (3 seeds, preset constrained, budget 500*d, dims [2, 5])
specs: CMAES_alone, JSO_alone, LSHADE_alone, Blocks_uniform_cj_warm2   cells: 72   families: ellipsoid_ball, rastrigin_ball, rosenbrock_lin, sphere_lin

spec                            mean        d=2       d=5
JSO_alone                     0.4649     0.5620    0.3677
LSHADE_alone                  0.4609     0.5797    0.3420
CMAES_alone                   0.4318     0.5474    0.3162
Blocks_uniform_cj_warm2       0.4219     0.5542    0.2895

spec                            ellipsoid_ball   rastrigin_ball   rosenbrock_lin       sphere_lin
JSO_alone                               0.4577           0.1310           0.4519           0.8189
LSHADE_alone                            0.4484           0.2144           0.3970           0.7836
CMAES_alone                             0.3136           0.1734           0.3791           0.8610
Blocks_uniform_cj_warm2                 0.2465           0.2173           0.3482           0.8755

delta vs CMAES_alone (paired per cell, t-CI over per-seed means)
spec                            delta                95% CI   seeds        d=2       d=5
JSO_alone                     +0.0331     [-0.0101,+0.0763]   3/3      +0.0147   +0.0515
LSHADE_alone                  +0.0291     [-0.0085,+0.0667]   3/3      +0.0323   +0.0258
Blocks_uniform_cj_warm2       -0.0099     [-0.1080,+0.0881]   1/3      +0.0069   -0.0267

delta vs JSO_alone (paired per cell, t-CI over per-seed means)
spec                            delta                95% CI   seeds        d=2       d=5
LSHADE_alone                  -0.0040     [-0.0211,+0.0131]   1/3      +0.0177   -0.0257
CMAES_alone                   -0.0331     [-0.0763,+0.0101]   0/3      -0.0147   -0.0515
Blocks_uniform_cj_warm2       -0.0430     [-0.1039,+0.0179]   0/3      -0.0078   -0.0782

delta vs LSHADE_alone (paired per cell, t-CI over per-seed means)
spec                            delta                95% CI   seeds        d=2       d=5
JSO_alone                     +0.0040     [-0.0131,+0.0211]   2/3      -0.0177   +0.0257
CMAES_alone                   -0.0291     [-0.0667,+0.0085]   0/3      -0.0323   -0.0258
Blocks_uniform_cj_warm2       -0.0390     [-0.1162,+0.0382]   0/3      -0.0255   -0.0525

per-family delta of the portfolio vs the best single arm (JSO_alone)
family                Blocks_uniform_cj_wa
ellipsoid_ball                     -0.2111
rastrigin_ball                     +0.0863
rosenbrock_lin                     -0.1038
sphere_lin                         +0.0566

--- run health ---
  no errored runs, every run spent its full budget

Null floor: on 3 seeds a CMA-ES-containing spec drifts by up to +-0.05 for no
reason at all, so a delta inside that band is a direction, not evidence.  Only a
CI that excludes zero (marked `<--`) counts, and the 12-seed roster decides.
