battery free: 45 instances (5 families, dims [2, 5, 10]), budget 500*d, 4 specs, 3 seeds
0.010570 config:192      CONFG INFO      config.yaml loaded from: config.yaml
0.010670 config:218      CONFG INFO      config.ini: {'heuristic.capacity': '20', 'core.loglevel': '40', 'core.show_interval': '1.0', 'core.max_eval': '1000', 'core.discount': '0.95', 'core.smooth': '0.5'}
0.069126 config:333      CONFG INFO      Evaluation method: threaded
0.069180 config:336      CONFG INFO      Environment: {'numpy': '2.5.3', 'scipy': '1.18.1', 'pandas': '3.0.5', 'statsmodels': '0.15.0', 'matplotlib': '3.11.1', 'dask': '2026.8.0', 'git HEAD': b'2b835f5dd2ec10ac9149ece3d4eaef5b204f09de'}
seed 42 done (251s)
seed 7 done (433s)
seed 1234 done (693s)

=== family screen ===  (3 seeds, preset free, budget 500*d, dims [2, 5, 10])
specs: CMAES_alone, JSO_alone, LSHADE_alone, Blocks_uniform_cj_warm2   cells: 135   families: ackley, ellipsoid, rastrigin, rosenbrock, sharp_ridge

spec                            mean        d=2       d=5      d=10
CMAES_alone                   0.3947     0.5536    0.3755    0.2550
JSO_alone                     0.3770     0.6459    0.3137    0.1715
LSHADE_alone                  0.3599     0.6276    0.2944    0.1577
Blocks_uniform_cj_warm2       0.3484     0.5593    0.2874    0.1984

spec                                    ackley        ellipsoid        rastrigin       rosenbrock      sharp_ridge
CMAES_alone                             0.7487           0.3058           0.1712           0.3785           0.3692
JSO_alone                               0.6401           0.3090           0.2227           0.3205           0.3928
LSHADE_alone                            0.5759           0.3075           0.2055           0.3462           0.3642
Blocks_uniform_cj_warm2                 0.7064           0.2457           0.1542           0.3545           0.2810

delta vs CMAES_alone (paired per cell, t-CI over per-seed means)
spec                            delta                95% CI   seeds        d=2       d=5      d=10
JSO_alone                     -0.0177     [-0.0836,+0.0483]   1/3      +0.0923   -0.0618   -0.0835
LSHADE_alone                  -0.0348     [-0.0689,-0.0007]   0/3      +0.0740   -0.0811   -0.0974 <--
Blocks_uniform_cj_warm2       -0.0463     [-0.1347,+0.0420]   0/3      +0.0057   -0.0881   -0.0566

delta vs JSO_alone (paired per cell, t-CI over per-seed means)
spec                            delta                95% CI   seeds        d=2       d=5      d=10
CMAES_alone                   +0.0177     [-0.0483,+0.0836]   2/3      -0.0923   +0.0618   +0.0835
LSHADE_alone                  -0.0171     [-0.0510,+0.0168]   0/3      -0.0183   -0.0193   -0.0139
Blocks_uniform_cj_warm2       -0.0287     [-0.0604,+0.0031]   0/3      -0.0866   -0.0263   +0.0269

delta vs LSHADE_alone (paired per cell, t-CI over per-seed means)
spec                            delta                95% CI   seeds        d=2       d=5      d=10
CMAES_alone                   +0.0348     [+0.0007,+0.0689]   3/3      -0.0740   +0.0811   +0.0974 <--
JSO_alone                     +0.0171     [-0.0168,+0.0510]   3/3      +0.0183   +0.0193   +0.0139
Blocks_uniform_cj_warm2       -0.0115     [-0.0658,+0.0428]   1/3      -0.0683   -0.0070   +0.0407

per-family delta of the portfolio vs the best single arm (CMAES_alone)
family                Blocks_uniform_cj_wa
ackley                             -0.0423
ellipsoid                          -0.0601
rastrigin                          -0.0170
rosenbrock                         -0.0240
sharp_ridge                        -0.0882

--- run health ---
  no errored runs, every run spent its full budget

Null floor: on 3 seeds a CMA-ES-containing spec drifts by up to +-0.05 for no
reason at all, so a delta inside that band is a direction, not evidence.  Only a
CI that excludes zero (marked `<--`) counts, and the 12-seed roster decides.
