0.026182 config:192      CONFG INFO      config.yaml loaded from: config.yaml
0.026292 config:218      CONFG INFO      config.ini: {'heuristic.capacity': '20', 'core.loglevel': '40', 'core.show_interval': '1.0', 'core.max_eval': '1000', 'core.discount': '0.95', 'core.smooth': '0.5'}
0.365029 config:333      CONFG INFO      Evaluation method: threaded
0.365074 config:336      CONFG INFO      Environment: {'numpy': '2.5.3', 'scipy': '1.18.1', 'pandas': '3.0.5', 'statsmodels': '0.15.0', 'matplotlib': '3.11.1', 'dask': '2026.8.0', 'git HEAD': b'cfa22094bd613fb5d8815f0040a2fdc6191ddbfb'}
seed 42 done (31s)
seed 7 done (58s)
seed 1234 done (84s)
seed 2025 done (111s)
seed 3 done (137s)
seed 11 done (164s)
seed 99 done (191s)
seed 123 done (218s)
seed 777 done (243s)
seed 2024 done (271s)
seed 31337 done (297s)
seed 555 done (323s)

=== oracle ===  (12 seeds, dims [2, 5], budget 500*d, tuned kwargs)
arms: cmaes, lbc, jso, lshade   cells: 120 complete

arm           mean        d=2       d=5   regret   wins
jso         0.6558     0.7328    0.5788   0.0737     39 <-- best single
lbc         0.6469     0.7311    0.5627   0.0826     34
lshade      0.6423     0.7270    0.5577   0.0872     12
cmaes       0.6419     0.7029    0.5808   0.0876     35
ORACLE      0.7295     0.8022    0.6568   0.0000    120

headroom (oracle - jso): +0.0737   paired per seed +0.0737 [+0.0477,+0.0998] 12/12 <--   = 11.2% of jso
  d=2: oracle 0.8022  best jso 0.7328  headroom +0.0695 (vs jso)
  d=5: oracle 0.6568  best cmaes 0.5808  headroom +0.0780 (vs jso)

win counts over 10 (dim, inst) cells
arm         majority  seed-wins   per-cell majorities
jso                4         39   d2i0 d5i0 d5i1 d5i4
lbc                4         34   d2i1 d2i2 d2i3 d2i4
cmaes              2         35   d5i2 d5i3
lshade             0         12   

top-2 oracle (best of two arms only)
  lbc+jso                 0.7030   +0.0472 over jso    64.0% of the headroom
  cmaes+jso               0.7026   +0.0469 over jso    63.6% of the headroom
  cmaes+lbc               0.7023   +0.0465 over jso    63.1% of the headroom
  cmaes+lshade            0.6958   +0.0400 over jso    54.2% of the headroom
  jso+lshade              0.6939   +0.0382 over jso    51.8% of the headroom
  lbc+lshade              0.6889   +0.0331 over jso    44.9% of the headroom

The oracle picks the per-cell winner for free and after the fact, so it is an
UPPER bound: a real policy spends part of the same budget discovering which arm
wins and cannot switch per instance, so it lands below — the top-2 row is the
more realistic target.  `regret` is what you lose by always picking that one arm.
