0.008138 config:192      CONFG INFO      config.yaml loaded from: config.yaml
0.008250 config:218      CONFG INFO      config.ini: {'heuristic.capacity': '20', 'core.loglevel': '40', 'core.show_interval': '1.0', 'core.max_eval': '1000', 'core.discount': '0.95', 'core.smooth': '0.5'}
0.068477 config:333      CONFG INFO      Evaluation method: threaded
0.068528 config:336      CONFG INFO      Environment: {'numpy': '2.5.3', 'scipy': '1.18.1', 'pandas': '3.0.5', 'statsmodels': '0.15.0', 'matplotlib': '3.11.1', 'dask': '2026.8.0', 'git HEAD': b'515223220a4b6a70b33c323e484821abc3dc44e1'}
seed 42 done (86s)
seed 7 done (169s)
seed 1234 done (249s)

=== lshade ===  (3 seeds, dims [2, 5], budget 500*d)
variant                   mean               delta vs default        d=2        d=5
np_10                   0.6318   +0.2186 [+0.1952,+0.2420] 3/3 <--    +0.1829    +0.2543
np_12                   0.6251   +0.2119 [+0.1798,+0.2441] 3/3 <--    +0.1824    +0.2414
np_6                    0.6142   +0.2010 [-0.0136,+0.4156] 3/3       +0.2737    +0.1283
np_8                    0.6111   +0.1979 [+0.1075,+0.2883] 3/3 <--    +0.2114    +0.1843
np_15                   0.5967   +0.1835 [+0.1708,+0.1963] 3/3 <--    +0.1356    +0.2315
np_20                   0.5706   +0.1574 [+0.1309,+0.1838] 3/3 <--    +0.0943    +0.2205
np_4                    0.5547   +0.1415 [+0.0297,+0.2532] 3/3 <--    +0.2411    +0.0418
np_30_f_jso             0.5195   +0.1063 [+0.0995,+0.1131] 3/3 <--    +0.0480    +0.1645
default                 0.4132                    (reference)     0.4907     0.3357

Per-dimension columns are mean AOCC for `default`, mean delta for the rest.
`<--` marks a 95% t-CI on the pooled delta that excludes zero.
