0.025840 config:192      CONFG INFO      config.yaml loaded from: config.yaml
0.025949 config:218      CONFG INFO      config.ini: {'heuristic.capacity': '20', 'core.loglevel': '40', 'core.show_interval': '1.0', 'core.max_eval': '1000', 'core.discount': '0.95', 'core.smooth': '0.5'}
0.356505 config:333      CONFG INFO      Evaluation method: threaded
0.356554 config:336      CONFG INFO      Environment: {'numpy': '2.5.3', 'scipy': '1.18.1', 'pandas': '3.0.5', 'statsmodels': '0.15.0', 'matplotlib': '3.11.1', 'dask': '2026.8.0', 'git HEAD': b'26935675ac7d3b6819cec98bf01efc30331022b2'}
seed 42 done (29s)
seed 7 done (58s)
seed 1234 done (86s)
seed 2025 done (112s)
seed 3 done (144s)
seed 11 done (182s)
seed 99 done (222s)
seed 123 done (261s)
seed 777 done (291s)
seed 2024 done (318s)
seed 31337 done (347s)
seed 555 done (383s)

=== portfolio screen ===  (12 seeds, dims [2, 5], budget 500*d)
specs: CMAES_alone, JSO_alone, Blocks_ducb_cj_warm2_soft_be25_nob, Blocks_ducb_cj_warm2_soft_be25_oib   cells: 120

spec                                mean        d=2       d=5
CMAES_alone                       0.6662     0.7205    0.6119
Blocks_ducb_cj_warm2_soft_be25_nob  0.6604     0.7035    0.6173
Blocks_ducb_cj_warm2_soft_be25_oib  0.6532     0.6965    0.6099
JSO_alone                         0.6490     0.7241    0.5739

delta vs CMAES_alone (paired per cell, t-CI over per-seed means)
spec                                delta                95% CI   seeds        d=2       d=5
Blocks_ducb_cj_warm2_soft_be25_nob  -0.0058     [-0.0387,+0.0271]   6/12     -0.0170   +0.0054
Blocks_ducb_cj_warm2_soft_be25_oib  -0.0130     [-0.0440,+0.0181]   5/12     -0.0240   -0.0020
JSO_alone                         -0.0172     [-0.0725,+0.0381]   4/12     +0.0036   -0.0380

delta vs JSO_alone (paired per cell, t-CI over per-seed means)
spec                                delta                95% CI   seeds        d=2       d=5
CMAES_alone                       +0.0172     [-0.0381,+0.0725]   8/12     -0.0036   +0.0380
Blocks_ducb_cj_warm2_soft_be25_nob  +0.0114     [-0.0392,+0.0621]   7/12     -0.0206   +0.0434
Blocks_ducb_cj_warm2_soft_be25_oib  +0.0043     [-0.0363,+0.0448]   6/12     -0.0276   +0.0361

--- screening gates (design §6) ---
  G5 FAIL  best warm (Blocks_ducb_cj_warm2_soft_be25_nob) - best single (CMAES_alone) -0.0058  (need >= +0.000)

--- run health ---
  no errored runs, every run spent its full budget

Null floor: on 3 seeds a CMA-ES-containing spec drifts by up to +-0.05 for no
reason at all, so a gate verdict inside that band is a direction, not evidence.
Only deltas larger than +-0.05 (or a CI that excludes zero, marked `<--`) count;
the 12-seed roster of §6 step 3 is what decides.
