0.012412 config:192      CONFG INFO      config.yaml loaded from: config.yaml
0.012626 config:218      CONFG INFO      config.ini: {'heuristic.capacity': '20', 'core.loglevel': '40', 'core.show_interval': '1.0', 'core.max_eval': '1000', 'core.discount': '0.95', 'core.smooth': '0.5'}
0.089781 config:333      CONFG INFO      Evaluation method: threaded
0.089834 config:336      CONFG INFO      Environment: {'numpy': '2.5.3', 'scipy': '1.18.1', 'pandas': '3.0.5', 'statsmodels': '0.15.0', 'matplotlib': '3.11.1', 'dask': '2026.8.0', 'git HEAD': b'dc3871ae86a69287180b32aa9816fc715a7b529d'}
seed 42 done (99s)
seed 7 done (168s)
seed 1234 done (236s)

=== portfolio screen ===  (3 seeds, dims [2, 5], budget 500*d)
specs: CMAES_alone, JSO_alone, Blocks_uniform_cj_warm2, Blocks_uniform_cj_warm2_nb25, Blocks_uniform_cj_warm2_nb100, Blocks_uniform_cj_warm2_nb200, Blocks_uniform_cjl_warm3, Blocks_uniform_cjls_warm4, Blocks_ducb_cj_warm2_soft   cells: 30

spec                              mean        d=2       d=5
Blocks_ducb_cj_warm2_soft       0.6921     0.7515    0.6326
Blocks_uniform_cj_warm2         0.6845     0.7354    0.6336
JSO_alone                       0.6735     0.7467    0.6003
CMAES_alone                     0.6712     0.7379    0.6044
Blocks_uniform_cj_warm2_nb25    0.6552     0.7317    0.5788
Blocks_uniform_cj_warm2_nb100   0.6539     0.6340    0.6737
Blocks_uniform_cjl_warm3        0.6477     0.6537    0.6417
Blocks_uniform_cjls_warm4       0.6039     0.6567    0.5511
Blocks_uniform_cj_warm2_nb200   0.5589     0.5674    0.5505

delta vs CMAES_alone (paired per cell, t-CI over per-seed means)
spec                              delta                95% CI   seeds        d=2       d=5
Blocks_ducb_cj_warm2_soft       +0.0209     [-0.1438,+0.1856]   2/3      +0.0136   +0.0282
Blocks_uniform_cj_warm2         +0.0133     [-0.1370,+0.1637]   2/3      -0.0026   +0.0293
JSO_alone                       +0.0024     [-0.1428,+0.1475]   2/3      +0.0088   -0.0040
Blocks_uniform_cj_warm2_nb25    -0.0159     [-0.1379,+0.1060]   1/3      -0.0062   -0.0256
Blocks_uniform_cj_warm2_nb100   -0.0173     [-0.2544,+0.2198]   1/3      -0.1039   +0.0693
Blocks_uniform_cjl_warm3        -0.0235     [-0.0683,+0.0214]   0/3      -0.0843   +0.0373
Blocks_uniform_cjls_warm4       -0.0673     [-0.2245,+0.0900]   1/3      -0.0812   -0.0533
Blocks_uniform_cj_warm2_nb200   -0.1122     [-0.4123,+0.1879]   1/3      -0.1706   -0.0538

delta vs JSO_alone (paired per cell, t-CI over per-seed means)
spec                              delta                95% CI   seeds        d=2       d=5
Blocks_ducb_cj_warm2_soft       +0.0186     [-0.1381,+0.1752]   2/3      +0.0048   +0.0323
Blocks_uniform_cj_warm2         +0.0110     [-0.1349,+0.1568]   2/3      -0.0113   +0.0333
CMAES_alone                     -0.0024     [-0.1475,+0.1428]   1/3      -0.0088   +0.0040
Blocks_uniform_cj_warm2_nb25    -0.0183     [-0.1073,+0.0707]   1/3      -0.0150   -0.0216
Blocks_uniform_cj_warm2_nb100   -0.0197     [-0.2243,+0.1850]   1/3      -0.1127   +0.0733
Blocks_uniform_cjl_warm3        -0.0258     [-0.1496,+0.0979]   1/3      -0.0931   +0.0414
Blocks_uniform_cjls_warm4       -0.0696     [-0.1668,+0.0276]   0/3      -0.0900   -0.0493
Blocks_uniform_cj_warm2_nb200   -0.1146     [-0.2701,+0.0410]   0/3      -0.1794   -0.0498

--- screening gates (design §6) ---
  G5 PASS  best warm (Blocks_ducb_cj_warm2_soft) - best single (JSO_alone) +0.0186  (need >= +0.000)

--- run health ---
  no errored runs, every run spent its full budget

Null floor: on 3 seeds a CMA-ES-containing spec drifts by up to +-0.05 for no
reason at all, so a gate verdict inside that band is a direction, not evidence.
Only deltas larger than +-0.05 (or a CI that excludes zero, marked `<--`) count;
the 12-seed roster of §6 step 3 is what decides.
