0.011313 config:192      CONFG INFO      config.yaml loaded from: config.yaml
0.011416 config:218      CONFG INFO      config.ini: {'heuristic.capacity': '20', 'core.loglevel': '40', 'core.show_interval': '1.0', 'core.max_eval': '1000', 'core.discount': '0.95', 'core.smooth': '0.5'}
0.070853 config:343      CONFG INFO      Evaluation method: threaded
0.070905 config:346      CONFG INFO      Environment: {'numpy': '2.5.3', 'scipy': '1.18.1', 'pandas': '3.0.5', 'statsmodels': '0.15.0', 'matplotlib': '3.11.1', 'dask': '2026.8.0', 'git HEAD': b'711532d15e162d0f764060c2ab0fc4902022b6de'}
seed 42 done (26s)
seed 7 done (55s)
seed 1234 done (94s)
seed 2025 done (125s)
seed 3 done (159s)
seed 11 done (191s)
seed 99 done (222s)
seed 123 done (250s)
seed 777 done (278s)
seed 2024 done (309s)
seed 31337 done (339s)
seed 555 done (367s)

=== portfolio screen ===  (12 seeds, dims [2, 5], ioh-standard, budget 300*d, insts [0, 1, 2, 3, 4])
specs: CMAES_alone, JSO_alone, LSHADE_alone, Blocks_uniform_cj_warm2, Blocks_uniform_cj_warm2_auto   cells: 120

spec                                    mean        d=2       d=5
Blocks_uniform_cj_warm2_auto          0.5957     0.6584    0.5330
Blocks_uniform_cj_warm2               0.5823     0.6120    0.5526
CMAES_alone                           0.5709     0.6320    0.5099
JSO_alone                             0.5543     0.6514    0.4572
LSHADE_alone                          0.5511     0.6360    0.4661

delta vs CMAES_alone (paired per cell, t-CI over per-seed means)
spec                                    delta                95% CI   seeds        d=2       d=5
Blocks_uniform_cj_warm2_auto          +0.0248     [-0.0019,+0.0515]   9/12     +0.0265   +0.0231
Blocks_uniform_cj_warm2               +0.0114     [-0.0321,+0.0549]   7/12     -0.0200   +0.0428
JSO_alone                             -0.0166     [-0.0528,+0.0196]   4/12     +0.0195   -0.0527
LSHADE_alone                          -0.0199     [-0.0429,+0.0032]   4/12     +0.0041   -0.0438

delta vs LSHADE_alone (paired per cell, t-CI over per-seed means)
spec                                    delta                95% CI   seeds        d=2       d=5
Blocks_uniform_cj_warm2_auto          +0.0446     [+0.0199,+0.0694]  11/12     +0.0224   +0.0669 <--
Blocks_uniform_cj_warm2               +0.0312     [-0.0084,+0.0709]   9/12     -0.0241   +0.0866
CMAES_alone                           +0.0199     [-0.0032,+0.0429]   8/12     -0.0041   +0.0438
JSO_alone                             +0.0032     [-0.0159,+0.0224]   7/12     +0.0154   -0.0089

delta vs JSO_alone (paired per cell, t-CI over per-seed means)
spec                                    delta                95% CI   seeds        d=2       d=5
Blocks_uniform_cj_warm2_auto          +0.0414     [+0.0088,+0.0740]   9/12     +0.0070   +0.0758 <--
Blocks_uniform_cj_warm2               +0.0280     [-0.0164,+0.0724]   8/12     -0.0395   +0.0954
CMAES_alone                           +0.0166     [-0.0196,+0.0528]   8/12     -0.0195   +0.0527
LSHADE_alone                          -0.0032     [-0.0224,+0.0159]   5/12     -0.0154   +0.0089

--- screening gates (design §6) ---
  G5 PASS  best warm (Blocks_uniform_cj_warm2_auto) - best single (CMAES_alone) +0.0248  (need >= +0.000)

--- run health ---
  no errored runs, every run spent its full budget

Null floor: on 3 seeds a CMA-ES-containing spec drifts by up to +-0.05 for no
reason at all, so a gate verdict inside that band is a direction, not evidence.
Only deltas larger than +-0.05 (or a CI that excludes zero, marked `<--`) count;
the 12-seed roster of §6 step 3 is what decides.
