0.013247 config:192      CONFG INFO      config.yaml loaded from: config.yaml
0.013361 config:218      CONFG INFO      config.ini: {'heuristic.capacity': '20', 'core.loglevel': '40', 'core.show_interval': '1.0', 'core.max_eval': '1000', 'core.discount': '0.95', 'core.smooth': '0.5'}
0.069908 config:343      CONFG INFO      Evaluation method: threaded
0.069957 config:346      CONFG INFO      Environment: {'numpy': '2.5.3', 'scipy': '1.18.1', 'pandas': '3.0.5', 'statsmodels': '0.15.0', 'matplotlib': '3.11.1', 'dask': '2026.8.0', 'git HEAD': b'711532d15e162d0f764060c2ab0fc4902022b6de'}
seed 42 done (14s)
seed 7 done (28s)
seed 1234 done (42s)
seed 2025 done (57s)
seed 3 done (75s)
seed 11 done (94s)
seed 99 done (110s)
seed 123 done (126s)
seed 777 done (141s)
seed 2024 done (157s)
seed 31337 done (174s)
seed 555 done (191s)

=== portfolio screen ===  (12 seeds, dims [2, 5], ioh-standard, budget 100*d, insts [0, 1, 2, 3, 4])
specs: CMAES_alone, JSO_alone, LSHADE_alone, Blocks_uniform_cj_warm2, Blocks_uniform_cj_warm2_auto   cells: 120

spec                                    mean        d=2       d=5
Blocks_uniform_cj_warm2               0.4120     0.4460    0.3780
Blocks_uniform_cj_warm2_auto          0.3920     0.4230    0.3610
CMAES_alone                           0.3562     0.3941    0.3182
JSO_alone                             0.3550     0.4141    0.2959
LSHADE_alone                          0.3535     0.4052    0.3018

delta vs CMAES_alone (paired per cell, t-CI over per-seed means)
spec                                    delta                95% CI   seeds        d=2       d=5
Blocks_uniform_cj_warm2               +0.0558     [+0.0368,+0.0749]  12/12     +0.0519   +0.0598 <--
Blocks_uniform_cj_warm2_auto          +0.0359     [+0.0178,+0.0539]  10/12     +0.0289   +0.0428 <--
JSO_alone                             -0.0012     [-0.0163,+0.0139]   4/12     +0.0200   -0.0223
LSHADE_alone                          -0.0027     [-0.0152,+0.0098]   5/12     +0.0111   -0.0164

delta vs LSHADE_alone (paired per cell, t-CI over per-seed means)
spec                                    delta                95% CI   seeds        d=2       d=5
Blocks_uniform_cj_warm2               +0.0585     [+0.0382,+0.0788]  12/12     +0.0409   +0.0762 <--
Blocks_uniform_cj_warm2_auto          +0.0385     [+0.0233,+0.0538]  12/12     +0.0178   +0.0593 <--
CMAES_alone                           +0.0027     [-0.0098,+0.0152]   7/12     -0.0111   +0.0164
JSO_alone                             +0.0015     [-0.0128,+0.0158]   7/12     +0.0089   -0.0059

delta vs JSO_alone (paired per cell, t-CI over per-seed means)
spec                                    delta                95% CI   seeds        d=2       d=5
Blocks_uniform_cj_warm2               +0.0570     [+0.0339,+0.0802]  12/12     +0.0319   +0.0821 <--
Blocks_uniform_cj_warm2_auto          +0.0370     [+0.0139,+0.0602]  10/12     +0.0089   +0.0652 <--
CMAES_alone                           +0.0012     [-0.0139,+0.0163]   8/12     -0.0200   +0.0223
LSHADE_alone                          -0.0015     [-0.0158,+0.0128]   5/12     -0.0089   +0.0059

--- screening gates (design §6) ---
  G5 PASS  best warm (Blocks_uniform_cj_warm2) - best single (CMAES_alone) +0.0558  (need >= +0.000)

--- run health ---
  no errored runs, every run spent its full budget

Null floor: on 3 seeds a CMA-ES-containing spec drifts by up to +-0.05 for no
reason at all, so a gate verdict inside that band is a direction, not evidence.
Only deltas larger than +-0.05 (or a CI that excludes zero, marked `<--`) count;
the 12-seed roster of §6 step 3 is what decides.
