0.018212 config:192      CONFG INFO      config.yaml loaded from: config.yaml
0.018427 config:218      CONFG INFO      config.ini: {'heuristic.capacity': '20', 'core.loglevel': '40', 'core.show_interval': '1.0', 'core.max_eval': '1000', 'core.discount': '0.95', 'core.smooth': '0.5'}
0.136813 config:333      CONFG INFO      Evaluation method: threaded
0.136887 config:336      CONFG INFO      Environment: {'numpy': '2.5.3', 'scipy': '1.18.1', 'pandas': '3.0.5', 'statsmodels': '0.15.0', 'matplotlib': '3.11.1', 'dask': '2026.8.0', 'git HEAD': b'2b835f5dd2ec10ac9149ece3d4eaef5b204f09de'}
seed 42 done (36s)
seed 7 done (78s)
seed 1234 done (149s)

=== portfolio screen ===  (3 seeds, dims [10], ioh-highdim, budget 500*d, insts [0, 1, 2])
specs: CMAES_alone, JSO_alone, LSHADE_alone, Blocks_uniform_cj_warm2   cells: 9

spec                                    mean       d=10
CMAES_alone                           0.4034     0.4034
Blocks_uniform_cj_warm2               0.3971     0.3971
JSO_alone                             0.3750     0.3750
LSHADE_alone                          0.3570     0.3570

delta vs CMAES_alone (paired per cell, t-CI over per-seed means)
spec                                    delta                95% CI   seeds       d=10
Blocks_uniform_cj_warm2               -0.0063     [-0.2359,+0.2234]   2/3      -0.0063
JSO_alone                             -0.0284     [-0.2338,+0.1770]   1/3      -0.0284
LSHADE_alone                          -0.0464     [-0.2058,+0.1130]   1/3      -0.0464

delta vs LSHADE_alone (paired per cell, t-CI over per-seed means)
spec                                    delta                95% CI   seeds       d=10
CMAES_alone                           +0.0464     [-0.1130,+0.2058]   2/3      +0.0464
Blocks_uniform_cj_warm2               +0.0401     [-0.0363,+0.1166]   3/3      +0.0401
JSO_alone                             +0.0180     [-0.1079,+0.1438]   2/3      +0.0180

delta vs JSO_alone (paired per cell, t-CI over per-seed means)
spec                                    delta                95% CI   seeds       d=10
CMAES_alone                           +0.0284     [-0.1770,+0.2338]   2/3      +0.0284
Blocks_uniform_cj_warm2               +0.0221     [-0.1520,+0.1963]   1/3      +0.0221
LSHADE_alone                          -0.0180     [-0.1438,+0.1079]   1/3      -0.0180

--- screening gates (design §6) ---
  G5 FAIL  best warm (Blocks_uniform_cj_warm2) - best single (CMAES_alone) -0.0063  (need >= +0.000)

--- run health ---
  no errored runs, every run spent its full budget

Null floor: on 3 seeds a CMA-ES-containing spec drifts by up to +-0.05 for no
reason at all, so a gate verdict inside that band is a direction, not evidence.
Only deltas larger than +-0.05 (or a CI that excludes zero, marked `<--`) count;
the 12-seed roster of §6 step 3 is what decides.
