0.015835 config:192      CONFG INFO      config.yaml loaded from: config.yaml
0.016016 config:218      CONFG INFO      config.ini: {'heuristic.capacity': '20', 'core.loglevel': '40', 'core.show_interval': '1.0', 'core.max_eval': '1000', 'core.discount': '0.95', 'core.smooth': '0.5'}
0.102235 config:333      CONFG INFO      Evaluation method: threaded
0.102307 config:336      CONFG INFO      Environment: {'numpy': '2.5.3', 'scipy': '1.18.1', 'pandas': '3.0.5', 'statsmodels': '0.15.0', 'matplotlib': '3.11.1', 'dask': '2026.8.0', 'git HEAD': b'2b835f5dd2ec10ac9149ece3d4eaef5b204f09de'}
seed 42 done (170s)
seed 7 done (396s)
seed 1234 done (709s)

=== portfolio screen ===  (3 seeds, dims [10], ioh-highdim, budget 2000*d, insts [0, 1, 2])
specs: CMAES_alone, JSO_alone, LSHADE_alone, Blocks_uniform_cj_warm2   cells: 9

spec                                    mean       d=10
LSHADE_alone                          0.6522     0.6522
Blocks_uniform_cj_warm2               0.6229     0.6229
JSO_alone                             0.6003     0.6003
CMAES_alone                           0.5189     0.5189

delta vs CMAES_alone (paired per cell, t-CI over per-seed means)
spec                                    delta                95% CI   seeds       d=10
LSHADE_alone                          +0.1334     [-0.2013,+0.4680]   2/3      +0.1334
Blocks_uniform_cj_warm2               +0.1041     [-0.3702,+0.5783]   2/3      +0.1041
JSO_alone                             +0.0814     [-0.3697,+0.5324]   2/3      +0.0814

delta vs LSHADE_alone (paired per cell, t-CI over per-seed means)
spec                                    delta                95% CI   seeds       d=10
Blocks_uniform_cj_warm2               -0.0293     [-0.1792,+0.1206]   2/3      -0.0293
JSO_alone                             -0.0520     [-0.1699,+0.0659]   0/3      -0.0520
CMAES_alone                           -0.1334     [-0.4680,+0.2013]   1/3      -0.1334

delta vs JSO_alone (paired per cell, t-CI over per-seed means)
spec                                    delta                95% CI   seeds       d=10
LSHADE_alone                          +0.0520     [-0.0659,+0.1699]   3/3      +0.0520
Blocks_uniform_cj_warm2               +0.0227     [-0.0660,+0.1113]   2/3      +0.0227
CMAES_alone                           -0.0814     [-0.5324,+0.3697]   1/3      -0.0814

--- screening gates (design §6) ---
  G5 FAIL  best warm (Blocks_uniform_cj_warm2) - best single (LSHADE_alone) -0.0293  (need >= +0.000)

--- run health ---
  no errored runs, every run spent its full budget

Null floor: on 3 seeds a CMA-ES-containing spec drifts by up to +-0.05 for no
reason at all, so a gate verdict inside that band is a direction, not evidence.
Only deltas larger than +-0.05 (or a CI that excludes zero, marked `<--`) count;
the 12-seed roster of §6 step 3 is what decides.
