0.015055 config:192      CONFG INFO      config.yaml loaded from: config.yaml
0.015205 config:218      CONFG INFO      config.ini: {'heuristic.capacity': '20', 'core.loglevel': '40', 'core.show_interval': '1.0', 'core.max_eval': '1000', 'core.discount': '0.95', 'core.smooth': '0.5'}
0.098229 config:333      CONFG INFO      Evaluation method: threaded
0.098297 config:336      CONFG INFO      Environment: {'numpy': '2.5.3', 'scipy': '1.18.1', 'pandas': '3.0.5', 'statsmodels': '0.15.0', 'matplotlib': '3.11.1', 'dask': '2026.8.0', 'git HEAD': b'2b835f5dd2ec10ac9149ece3d4eaef5b204f09de'}
seed 42 done (37s)
seed 7 done (72s)
seed 1234 done (111s)

=== portfolio screen ===  (3 seeds, dims [2, 5], ioh-noisy-gauss-moderate, budget 500*d, insts [0, 1, 2, 3, 4])
specs: CMAES_alone, JSO_alone, LSHADE_alone, Blocks_uniform_cj_warm2   cells: 30

spec                                    mean        d=2       d=5
JSO_alone                             0.6965     0.7665    0.6264
Blocks_uniform_cj_warm2               0.6792     0.6613    0.6970
LSHADE_alone                          0.6605     0.7255    0.5955
CMAES_alone                           0.6304     0.6938    0.5671

delta vs CMAES_alone (paired per cell, t-CI over per-seed means)
spec                                    delta                95% CI   seeds        d=2       d=5
JSO_alone                             +0.0660     [-0.0479,+0.1800]   3/3      +0.0728   +0.0593
Blocks_uniform_cj_warm2               +0.0487     [+0.0406,+0.0568]   3/3      -0.0324   +0.1299 <--
LSHADE_alone                          +0.0301     [-0.1013,+0.1615]   2/3      +0.0318   +0.0283

delta vs LSHADE_alone (paired per cell, t-CI over per-seed means)
spec                                    delta                95% CI   seeds        d=2       d=5
JSO_alone                             +0.0360     [-0.0153,+0.0872]   3/3      +0.0410   +0.0309
Blocks_uniform_cj_warm2               +0.0186     [-0.1199,+0.1572]   1/3      -0.0642   +0.1015
CMAES_alone                           -0.0301     [-0.1615,+0.1013]   1/3      -0.0318   -0.0283

delta vs JSO_alone (paired per cell, t-CI over per-seed means)
spec                                    delta                95% CI   seeds        d=2       d=5
Blocks_uniform_cj_warm2               -0.0173     [-0.1364,+0.1018]   1/3      -0.1052   +0.0706
LSHADE_alone                          -0.0360     [-0.0872,+0.0153]   0/3      -0.0410   -0.0309
CMAES_alone                           -0.0660     [-0.1800,+0.0479]   0/3      -0.0728   -0.0593

--- screening gates (design §6) ---
  G5 FAIL  best warm (Blocks_uniform_cj_warm2) - best single (JSO_alone) -0.0173  (need >= +0.000)

--- run health ---
  no errored runs, every run spent its full budget

Null floor: on 3 seeds a CMA-ES-containing spec drifts by up to +-0.05 for no
reason at all, so a gate verdict inside that band is a direction, not evidence.
Only deltas larger than +-0.05 (or a CI that excludes zero, marked `<--`) count;
the 12-seed roster of §6 step 3 is what decides.
