0.032222 config:192      CONFG INFO      config.yaml loaded from: config.yaml
0.032407 config:218      CONFG INFO      config.ini: {'heuristic.capacity': '20', 'core.loglevel': '40', 'core.show_interval': '1.0', 'core.max_eval': '1000', 'core.discount': '0.95', 'core.smooth': '0.5'}
0.123381 config:333      CONFG INFO      Evaluation method: threaded
0.123455 config:336      CONFG INFO      Environment: {'numpy': '2.5.3', 'scipy': '1.18.1', 'pandas': '3.0.5', 'statsmodels': '0.15.0', 'matplotlib': '3.11.1', 'dask': '2026.8.0', 'git HEAD': b'2b835f5dd2ec10ac9149ece3d4eaef5b204f09de'}
seed 42 done (46s)
seed 7 done (99s)
seed 1234 done (196s)

=== portfolio screen ===  (3 seeds, dims [2, 5], ioh-noisy-cauchy-moderate, budget 500*d, insts [0, 1, 2, 3, 4])
specs: CMAES_alone, JSO_alone, LSHADE_alone, Blocks_uniform_cj_warm2   cells: 30

spec                                    mean        d=2       d=5
CMAES_alone                           0.6607     0.7195    0.6018
Blocks_uniform_cj_warm2               0.5607     0.6345    0.4869
LSHADE_alone                          0.5050     0.5782    0.4318
JSO_alone                             0.4903     0.5684    0.4122

delta vs CMAES_alone (paired per cell, t-CI over per-seed means)
spec                                    delta                95% CI   seeds        d=2       d=5
Blocks_uniform_cj_warm2               -0.1000     [-0.2227,+0.0228]   0/3      -0.0850   -0.1149
LSHADE_alone                          -0.1557     [-0.2735,-0.0378]   0/3      -0.1414   -0.1699 <--
JSO_alone                             -0.1703     [-0.3122,-0.0284]   0/3      -0.1511   -0.1895 <--

delta vs LSHADE_alone (paired per cell, t-CI over per-seed means)
spec                                    delta                95% CI   seeds        d=2       d=5
CMAES_alone                           +0.1557     [+0.0378,+0.2735]   3/3      +0.1414   +0.1699 <--
Blocks_uniform_cj_warm2               +0.0557     [+0.0062,+0.1052]   3/3      +0.0563   +0.0550 <--
JSO_alone                             -0.0147     [-0.0430,+0.0137]   0/3      -0.0097   -0.0196

delta vs JSO_alone (paired per cell, t-CI over per-seed means)
spec                                    delta                95% CI   seeds        d=2       d=5
CMAES_alone                           +0.1703     [+0.0284,+0.3122]   3/3      +0.1511   +0.1895 <--
Blocks_uniform_cj_warm2               +0.0703     [-0.0012,+0.1419]   3/3      +0.0661   +0.0746
LSHADE_alone                          +0.0147     [-0.0137,+0.0430]   3/3      +0.0097   +0.0196

--- screening gates (design §6) ---
  G5 FAIL  best warm (Blocks_uniform_cj_warm2) - best single (CMAES_alone) -0.1000  (need >= +0.000)

--- run health ---
  no errored runs, every run spent its full budget

Null floor: on 3 seeds a CMA-ES-containing spec drifts by up to +-0.05 for no
reason at all, so a gate verdict inside that band is a direction, not evidence.
Only deltas larger than +-0.05 (or a CI that excludes zero, marked `<--`) count;
the 12-seed roster of §6 step 3 is what decides.
