0.017449 config:192      CONFG INFO      config.yaml loaded from: config.yaml
0.017625 config:218      CONFG INFO      config.ini: {'heuristic.capacity': '20', 'core.loglevel': '40', 'core.show_interval': '1.0', 'core.max_eval': '1000', 'core.discount': '0.95', 'core.smooth': '0.5'}
0.113598 config:333      CONFG INFO      Evaluation method: threaded
0.113677 config:336      CONFG INFO      Environment: {'numpy': '2.5.3', 'scipy': '1.18.1', 'pandas': '3.0.5', 'statsmodels': '0.15.0', 'matplotlib': '3.11.1', 'dask': '2026.8.0', 'git HEAD': b'2b835f5dd2ec10ac9149ece3d4eaef5b204f09de'}
seed 42 done (46s)
seed 7 done (94s)
seed 1234 done (188s)

=== portfolio screen ===  (3 seeds, dims [2, 5], ioh-standard, budget 500*d, insts [0, 1, 2, 3, 4])
specs: CMAES_alone, JSO_alone, LSHADE_alone, Blocks_uniform_cj_warm2   cells: 30

spec                                    mean        d=2       d=5
Blocks_uniform_cj_warm2               0.6845     0.7354    0.6336
JSO_alone                             0.6735     0.7467    0.6003
CMAES_alone                           0.6712     0.7379    0.6044
LSHADE_alone                          0.6496     0.7348    0.5644

delta vs CMAES_alone (paired per cell, t-CI over per-seed means)
spec                                    delta                95% CI   seeds        d=2       d=5
Blocks_uniform_cj_warm2               +0.0133     [-0.1370,+0.1637]   2/3      -0.0026   +0.0293
JSO_alone                             +0.0024     [-0.1428,+0.1475]   2/3      +0.0088   -0.0040
LSHADE_alone                          -0.0216     [-0.0607,+0.0176]   0/3      -0.0031   -0.0400

delta vs LSHADE_alone (paired per cell, t-CI over per-seed means)
spec                                    delta                95% CI   seeds        d=2       d=5
Blocks_uniform_cj_warm2               +0.0349     [-0.1303,+0.2001]   2/3      +0.0005   +0.0693
JSO_alone                             +0.0239     [-0.0976,+0.1455]   2/3      +0.0119   +0.0360
CMAES_alone                           +0.0216     [-0.0176,+0.0607]   3/3      +0.0031   +0.0400

delta vs JSO_alone (paired per cell, t-CI over per-seed means)
spec                                    delta                95% CI   seeds        d=2       d=5
Blocks_uniform_cj_warm2               +0.0110     [-0.1349,+0.1568]   2/3      -0.0113   +0.0333
CMAES_alone                           -0.0024     [-0.1475,+0.1428]   1/3      -0.0088   +0.0040
LSHADE_alone                          -0.0239     [-0.1455,+0.0976]   1/3      -0.0119   -0.0360

--- screening gates (design §6) ---
  G5 PASS  best warm (Blocks_uniform_cj_warm2) - best single (JSO_alone) +0.0110  (need >= +0.000)

--- run health ---
  no errored runs, every run spent its full budget

Null floor: on 3 seeds a CMA-ES-containing spec drifts by up to +-0.05 for no
reason at all, so a gate verdict inside that band is a direction, not evidence.
Only deltas larger than +-0.05 (or a CI that excludes zero, marked `<--`) count;
the 12-seed roster of §6 step 3 is what decides.
