battery constrained: 24 instances (4 families, dims [2, 5]), budget 500*d, 4 specs, 12 seeds
0.105019 config:192      CONFG INFO      config.yaml loaded from: config.yaml
0.109508 config:218      CONFG INFO      config.ini: {'heuristic.capacity': '20', 'core.loglevel': '40', 'core.show_interval': '1.0', 'core.max_eval': '1000', 'core.discount': '0.95', 'core.smooth': '0.5'}
0.647244 config:333      CONFG INFO      Evaluation method: threaded
0.648226 config:336      CONFG INFO      Environment: {'numpy': '2.5.3', 'scipy': '1.18.1', 'pandas': '3.0.5', 'statsmodels': '0.15.0', 'matplotlib': '3.11.1', 'dask': '2026.8.0', 'git HEAD': b'40cdd08c594b5a629879987a263ebf667c9b731e'}
seed 42 done (193s)
seed 7 done (343s)
seed 1234 done (489s)
seed 2025 done (656s)
seed 3 done (842s)
seed 11 done (1017s)
seed 99 done (1105s)
seed 123 done (1233s)
seed 777 done (1364s)
seed 2024 done (1464s)
seed 31337 done (1543s)
seed 555 done (1623s)

=== family screen ===  (12 seeds, preset constrained, budget 500*d, dims [2, 5])
specs: CMAES_alone, JSO_alone, LSHADE_alone, Blocks_uniform_cj_warm2   cells: 288   families: ellipsoid_ball, rastrigin_ball, rosenbrock_lin, sphere_lin

spec                            mean        d=2       d=5
JSO_alone                     0.4704     0.5806    0.3602
LSHADE_alone                  0.4576     0.5706    0.3446
CMAES_alone                   0.4419     0.5226    0.3613
Blocks_uniform_cj_warm2       0.4392     0.5751    0.3033

spec                            ellipsoid_ball   rastrigin_ball   rosenbrock_lin       sphere_lin
JSO_alone                               0.4453           0.1848           0.4251           0.8265
LSHADE_alone                            0.4100           0.2222           0.4134           0.7849
CMAES_alone                             0.3463           0.1379           0.4207           0.8629
Blocks_uniform_cj_warm2                 0.2705           0.2180           0.3924           0.8759

delta vs CMAES_alone (paired per cell, t-CI over per-seed means)
spec                            delta                95% CI   seeds        d=2       d=5
JSO_alone                     +0.0285     [+0.0071,+0.0498]   9/12     +0.0581   -0.0011 <--
LSHADE_alone                  +0.0157     [-0.0026,+0.0339]   7/12     +0.0480   -0.0167
Blocks_uniform_cj_warm2       -0.0028     [-0.0195,+0.0140]   5/12     +0.0525   -0.0580

delta vs JSO_alone (paired per cell, t-CI over per-seed means)
spec                            delta                95% CI   seeds        d=2       d=5
LSHADE_alone                  -0.0128     [-0.0349,+0.0092]   3/12     -0.0101   -0.0156
CMAES_alone                   -0.0285     [-0.0498,-0.0071]   3/12     -0.0581   +0.0011 <--
Blocks_uniform_cj_warm2       -0.0312     [-0.0553,-0.0072]   2/12     -0.0055   -0.0570 <--

delta vs LSHADE_alone (paired per cell, t-CI over per-seed means)
spec                            delta                95% CI   seeds        d=2       d=5
JSO_alone                     +0.0128     [-0.0092,+0.0349]   9/12     +0.0101   +0.0156
CMAES_alone                   -0.0157     [-0.0339,+0.0026]   5/12     -0.0480   +0.0167
Blocks_uniform_cj_warm2       -0.0184     [-0.0400,+0.0032]   2/12     +0.0045   -0.0414

per-family delta of the portfolio vs the best single arm (JSO_alone)
family                Blocks_uniform_cj_wa
ellipsoid_ball                     -0.1748
rastrigin_ball                     +0.0332
rosenbrock_lin                     -0.0327
sphere_lin                         +0.0494

--- run health ---
  no errored runs, every run spent its full budget

Null floor: on 3 seeds a CMA-ES-containing spec drifts by up to +-0.05 for no
reason at all, so a delta inside that band is a direction, not evidence.  Only a
CI that excludes zero (marked `<--`) counts, and the 12-seed roster decides.
