0.055606 config:192      CONFG INFO      config.yaml loaded from: config.yaml
0.055775 config:218      CONFG INFO      config.ini: {'heuristic.capacity': '20', 'core.loglevel': '40', 'core.show_interval': '1.0', 'core.max_eval': '1000', 'core.discount': '0.95', 'core.smooth': '0.5'}
0.665859 config:333      CONFG INFO      Evaluation method: threaded
0.665963 config:336      CONFG INFO      Environment: {'numpy': '2.5.3', 'scipy': '1.18.1', 'pandas': '3.0.5', 'statsmodels': '0.15.0', 'matplotlib': '3.11.1', 'dask': '2026.8.0', 'git HEAD': b'40cdd08c594b5a629879987a263ebf667c9b731e'}
seed 42 done (78s)
seed 7 done (170s)
seed 1234 done (235s)
seed 2025 done (293s)
seed 3 done (367s)
seed 11 done (527s)
seed 99 done (648s)
seed 123 done (820s)
seed 777 done (944s)
seed 2024 done (1026s)
seed 31337 done (1120s)
seed 555 done (1187s)

=== portfolio screen ===  (12 seeds, dims [2, 5], ioh-noisy-unif-moderate, budget 500*d, insts [0, 1, 2, 3, 4])
specs: CMAES_alone, JSO_alone, LSHADE_alone, Blocks_uniform_cj_warm2   cells: 120

spec                                    mean        d=2       d=5
Blocks_uniform_cj_warm2               0.6715     0.7376    0.6055
LSHADE_alone                          0.6453     0.7236    0.5669
JSO_alone                             0.6432     0.7248    0.5617
CMAES_alone                           0.6349     0.7191    0.5506

delta vs CMAES_alone (paired per cell, t-CI over per-seed means)
spec                                    delta                95% CI   seeds        d=2       d=5
Blocks_uniform_cj_warm2               +0.0367     [+0.0122,+0.0611]  10/12     +0.0184   +0.0549 <--
LSHADE_alone                          +0.0104     [-0.0097,+0.0305]   9/12     +0.0045   +0.0164
JSO_alone                             +0.0084     [-0.0145,+0.0313]   7/12     +0.0056   +0.0111

delta vs LSHADE_alone (paired per cell, t-CI over per-seed means)
spec                                    delta                95% CI   seeds        d=2       d=5
Blocks_uniform_cj_warm2               +0.0262     [+0.0029,+0.0496]   9/12     +0.0140   +0.0385 <--
JSO_alone                             -0.0020     [-0.0218,+0.0177]   5/12     +0.0012   -0.0052
CMAES_alone                           -0.0104     [-0.0305,+0.0097]   3/12     -0.0045   -0.0164

delta vs JSO_alone (paired per cell, t-CI over per-seed means)
spec                                    delta                95% CI   seeds        d=2       d=5
Blocks_uniform_cj_warm2               +0.0283     [-0.0046,+0.0611]   8/12     +0.0128   +0.0437
LSHADE_alone                          +0.0020     [-0.0177,+0.0218]   7/12     -0.0012   +0.0052
CMAES_alone                           -0.0084     [-0.0313,+0.0145]   5/12     -0.0056   -0.0111

--- screening gates (design §6) ---
  G5 PASS  best warm (Blocks_uniform_cj_warm2) - best single (LSHADE_alone) +0.0262  (need >= +0.000)

--- run health ---
  no errored runs, every run spent its full budget

Null floor: on 3 seeds a CMA-ES-containing spec drifts by up to +-0.05 for no
reason at all, so a gate verdict inside that band is a direction, not evidence.
Only deltas larger than +-0.05 (or a CI that excludes zero, marked `<--`) count;
the 12-seed roster of §6 step 3 is what decides.
