RegimeGate_oracle: regime_gate=oracle:outlier (battery ioh-noisy-cauchy-moderate, dims [2, 5], budget 500*d)
0.012450 config:192      CONFG INFO      config.yaml loaded from: config.yaml
0.012556 config:218      CONFG INFO      config.ini: {'heuristic.capacity': '20', 'core.loglevel': '40', 'core.show_interval': '1.0', 'core.max_eval': '1000', 'core.discount': '0.95', 'core.smooth': '0.5'}
0.069135 config:343      CONFG INFO      Evaluation method: threaded
0.069186 config:346      CONFG INFO      Environment: {'numpy': '2.5.3', 'scipy': '1.18.1', 'pandas': '3.0.5', 'statsmodels': '0.15.0', 'matplotlib': '3.11.1', 'dask': '2026.8.0', 'git HEAD': b'f965231b36908cceb85b9b4819828e18c4cc4607'}
seed 42 done (36s)
seed 7 done (72s)
seed 1234 done (113s)
seed 2025 done (156s)
seed 3 done (198s)
seed 11 done (241s)
seed 99 done (281s)
seed 123 done (317s)
seed 777 done (352s)
seed 2024 done (387s)
seed 31337 done (422s)
seed 555 done (456s)

=== portfolio screen ===  (12 seeds, dims [2, 5], ioh-noisy-cauchy-moderate, budget 500*d, insts [0, 1, 2, 3, 4])
specs: CMAES_alone, JSO_alone, Blocks_uniform_cj_warm2, RegimeGate_oracle   cells: 120

spec                                    mean        d=2       d=5
CMAES_alone                           0.6399     0.6900    0.5898
RegimeGate_oracle                     0.6399     0.6900    0.5898
Blocks_uniform_cj_warm2               0.5390     0.6018    0.4762
JSO_alone                             0.5045     0.5778    0.4313

delta vs CMAES_alone (paired per cell, t-CI over per-seed means)
spec                                    delta                95% CI   seeds        d=2       d=5
RegimeGate_oracle                     +0.0000     [+0.0000,+0.0000]   0/12     +0.0000   +0.0000
Blocks_uniform_cj_warm2               -0.1009     [-0.1244,-0.0775]   0/12     -0.0882   -0.1136 <--
JSO_alone                             -0.1354     [-0.1798,-0.0909]   0/12     -0.1122   -0.1585 <--

delta vs JSO_alone (paired per cell, t-CI over per-seed means)
spec                                    delta                95% CI   seeds        d=2       d=5
CMAES_alone                           +0.1354     [+0.0909,+0.1798]  12/12     +0.1122   +0.1585 <--
RegimeGate_oracle                     +0.1354     [+0.0909,+0.1798]  12/12     +0.1122   +0.1585 <--
Blocks_uniform_cj_warm2               +0.0344     [+0.0003,+0.0686]   7/12     +0.0240   +0.0449 <--

--- screening gates (design §6) ---
  G5 FAIL  best warm (Blocks_uniform_cj_warm2) - best single (CMAES_alone) -0.1009  (need >= +0.000)

--- run health ---
  no errored runs, every run spent its full budget

Null floor: on 3 seeds a CMA-ES-containing spec drifts by up to +-0.05 for no
reason at all, so a gate verdict inside that band is a direction, not evidence.
Only deltas larger than +-0.05 (or a CI that excludes zero, marked `<--`) count;
the 12-seed roster of §6 step 3 is what decides.
exit=0
