0.010906 config:192      CONFG INFO      config.yaml loaded from: config.yaml
0.011018 config:218      CONFG INFO      config.ini: {'heuristic.capacity': '20', 'core.loglevel': '40', 'core.show_interval': '1.0', 'core.max_eval': '1000', 'core.discount': '0.95', 'core.smooth': '0.5'}
0.068975 config:343      CONFG INFO      Evaluation method: threaded
0.069028 config:346      CONFG INFO      Environment: {'numpy': '2.5.3', 'scipy': '1.18.1', 'pandas': '3.0.5', 'statsmodels': '0.15.0', 'matplotlib': '3.11.1', 'dask': '2026.8.0', 'git HEAD': b'733af5ce80a9ec8adf8a95be739026d8c491d897'}
seed 42 done (24s)
seed 7 done (48s)
seed 1234 done (77s)
seed 2025 done (105s)
seed 3 done (133s)
seed 11 done (160s)
seed 99 done (187s)
seed 123 done (215s)
seed 777 done (240s)
seed 2024 done (266s)
seed 31337 done (291s)
seed 555 done (316s)

=== portfolio screen ===  (12 seeds, dims [2, 5], ioh-standard, budget 200*d, insts [0, 1, 2, 3, 4])
specs: CMAES_alone, JSO_alone, Blocks_uniform_cj_warm2_auto, Blocks_cj_inject_auto, Blocks_cj_pbest_auto, Blocks_cj_seams_auto   cells: 120

spec                                    mean        d=2       d=5
Blocks_uniform_cj_warm2_auto          0.5297     0.5721    0.4872
Blocks_cj_inject_auto                 0.5297     0.5721    0.4872
Blocks_cj_pbest_auto                  0.5161     0.5585    0.4736
Blocks_cj_seams_auto                  0.5161     0.5585    0.4736
CMAES_alone                           0.4874     0.5410    0.4337
JSO_alone                             0.4697     0.5488    0.3907

delta vs CMAES_alone (paired per cell, t-CI over per-seed means)
spec                                    delta                95% CI   seeds        d=2       d=5
Blocks_uniform_cj_warm2_auto          +0.0423     [+0.0168,+0.0679]  11/12     +0.0311   +0.0536 <--
Blocks_cj_inject_auto                 +0.0423     [+0.0168,+0.0679]  11/12     +0.0311   +0.0536 <--
Blocks_cj_pbest_auto                  +0.0287     [-0.0005,+0.0579]   9/12     +0.0175   +0.0400
Blocks_cj_seams_auto                  +0.0287     [-0.0005,+0.0579]   9/12     +0.0175   +0.0400
JSO_alone                             -0.0176     [-0.0525,+0.0172]   4/12     +0.0077   -0.0430

delta vs JSO_alone (paired per cell, t-CI over per-seed means)
spec                                    delta                95% CI   seeds        d=2       d=5
Blocks_uniform_cj_warm2_auto          +0.0600     [+0.0224,+0.0975]   9/12     +0.0234   +0.0966 <--
Blocks_cj_inject_auto                 +0.0600     [+0.0224,+0.0975]   9/12     +0.0234   +0.0966 <--
Blocks_cj_pbest_auto                  +0.0464     [+0.0175,+0.0752]  11/12     +0.0097   +0.0830 <--
Blocks_cj_seams_auto                  +0.0464     [+0.0175,+0.0752]  11/12     +0.0097   +0.0830 <--
CMAES_alone                           +0.0176     [-0.0172,+0.0525]   8/12     -0.0077   +0.0430

--- screening gates (design §6) ---
  G5 PASS  best warm (Blocks_uniform_cj_warm2_auto) - best single (CMAES_alone) +0.0423  (need >= +0.000)

--- run health ---
  no errored runs, every run spent its full budget

Null floor: on 3 seeds a CMA-ES-containing spec drifts by up to +-0.05 for no
reason at all, so a gate verdict inside that band is a direction, not evidence.
Only deltas larger than +-0.05 (or a CI that excludes zero, marked `<--`) count;
the 12-seed roster of §6 step 3 is what decides.
