0.014543 config:192      CONFG INFO      config.yaml loaded from: config.yaml
0.014705 config:218      CONFG INFO      config.ini: {'heuristic.capacity': '20', 'core.loglevel': '40', 'core.show_interval': '1.0', 'core.max_eval': '1000', 'core.discount': '0.95', 'core.smooth': '0.5'}
0.083789 config:343      CONFG INFO      Evaluation method: threaded
0.083838 config:346      CONFG INFO      Environment: {'numpy': '2.5.3', 'scipy': '1.18.1', 'pandas': '3.0.5', 'statsmodels': '0.15.0', 'matplotlib': '3.11.1', 'dask': '2026.8.0', 'git HEAD': b'733af5ce80a9ec8adf8a95be739026d8c491d897'}
seed 42 done (16s)
seed 7 done (32s)
seed 1234 done (49s)
seed 2025 done (67s)
seed 3 done (86s)
seed 11 done (105s)
seed 99 done (123s)
seed 123 done (141s)
seed 777 done (159s)
seed 2024 done (178s)
seed 31337 done (198s)
seed 555 done (217s)

=== portfolio screen ===  (12 seeds, dims [2, 5], ioh-standard, budget 100*d, insts [0, 1, 2, 3, 4])
specs: CMAES_alone, JSO_alone, Blocks_uniform_cj_warm2_auto, Blocks_cj_inject_auto, Blocks_cj_pbest_auto, Blocks_cj_seams_auto   cells: 120

spec                                    mean        d=2       d=5
Blocks_uniform_cj_warm2_auto          0.3920     0.4230    0.3610
Blocks_cj_inject_auto                 0.3920     0.4230    0.3610
Blocks_cj_pbest_auto                  0.3816     0.4135    0.3497
Blocks_cj_seams_auto                  0.3816     0.4135    0.3497
CMAES_alone                           0.3562     0.3941    0.3182
JSO_alone                             0.3550     0.4141    0.2959

delta vs CMAES_alone (paired per cell, t-CI over per-seed means)
spec                                    delta                95% CI   seeds        d=2       d=5
Blocks_uniform_cj_warm2_auto          +0.0359     [+0.0178,+0.0539]  10/12     +0.0289   +0.0428 <--
Blocks_cj_inject_auto                 +0.0359     [+0.0178,+0.0539]  10/12     +0.0289   +0.0428 <--
Blocks_cj_pbest_auto                  +0.0254     [+0.0050,+0.0458]   9/12     +0.0194   +0.0315 <--
Blocks_cj_seams_auto                  +0.0254     [+0.0050,+0.0458]   9/12     +0.0194   +0.0315 <--
JSO_alone                             -0.0012     [-0.0163,+0.0139]   4/12     +0.0200   -0.0223

delta vs JSO_alone (paired per cell, t-CI over per-seed means)
spec                                    delta                95% CI   seeds        d=2       d=5
Blocks_uniform_cj_warm2_auto          +0.0370     [+0.0139,+0.0602]  10/12     +0.0089   +0.0652 <--
Blocks_cj_inject_auto                 +0.0370     [+0.0139,+0.0602]  10/12     +0.0089   +0.0652 <--
Blocks_cj_pbest_auto                  +0.0266     [+0.0013,+0.0519]  10/12     -0.0006   +0.0538 <--
Blocks_cj_seams_auto                  +0.0266     [+0.0013,+0.0519]  10/12     -0.0006   +0.0538 <--
CMAES_alone                           +0.0012     [-0.0139,+0.0163]   8/12     -0.0200   +0.0223

--- screening gates (design §6) ---
  G5 PASS  best warm (Blocks_uniform_cj_warm2_auto) - best single (CMAES_alone) +0.0359  (need >= +0.000)

--- run health ---
  no errored runs, every run spent its full budget

Null floor: on 3 seeds a CMA-ES-containing spec drifts by up to +-0.05 for no
reason at all, so a gate verdict inside that band is a direction, not evidence.
Only deltas larger than +-0.05 (or a CI that excludes zero, marked `<--`) count;
the 12-seed roster of §6 step 3 is what decides.
