0.021017 config:192      CONFG INFO      config.yaml loaded from: config.yaml
0.021143 config:218      CONFG INFO      config.ini: {'heuristic.capacity': '20', 'core.loglevel': '40', 'core.show_interval': '1.0', 'core.max_eval': '1000', 'core.discount': '0.95', 'core.smooth': '0.5'}
0.166094 config:343      CONFG INFO      Evaluation method: threaded
0.166161 config:346      CONFG INFO      Environment: {'numpy': '2.5.3', 'scipy': '1.18.1', 'pandas': '3.0.5', 'statsmodels': '0.15.0', 'matplotlib': '3.11.1', 'dask': '2026.8.0', 'git HEAD': b'6da83b82b9cbd8806bd36a8a9711a3297432d290'}
seed 42 done (20s)
seed 7 done (39s)
seed 1234 done (58s)
seed 2025 done (78s)
seed 3 done (97s)
seed 11 done (116s)
seed 99 done (135s)
seed 123 done (154s)
seed 777 done (172s)
seed 2024 done (191s)
seed 31337 done (209s)
seed 555 done (227s)

=== portfolio screen ===  (12 seeds, dims [2, 5], ioh-standard, budget 100*d, insts [0, 1, 2, 3, 4])
specs: CMAES_alone, Blocks_uniform_cj_warm2_auto, Blocks_cj_cold_auto, Blocks_cj_warmC_auto, Blocks_cj_warmJ_auto, Blocks_cj_warm2_cov_auto, Blocks_cj_warm2_div_auto   cells: 120

spec                                    mean        d=2       d=5
Blocks_uniform_cj_warm2_auto          0.3920     0.4230    0.3610
Blocks_cj_warm2_cov_auto              0.3622     0.4163    0.3081
CMAES_alone                           0.3562     0.3941    0.3182
Blocks_cj_warmC_auto                  0.3428     0.3788    0.3067
Blocks_cj_warmJ_auto                  0.3408     0.3784    0.3033
Blocks_cj_cold_auto                   0.3159     0.3512    0.2806
Blocks_cj_warm2_div_auto              0.3137     0.3438    0.2836

delta vs CMAES_alone (paired per cell, t-CI over per-seed means)
spec                                    delta                95% CI   seeds        d=2       d=5
Blocks_uniform_cj_warm2_auto          +0.0359     [+0.0178,+0.0539]  10/12     +0.0289   +0.0428 <--
Blocks_cj_warm2_cov_auto              +0.0061     [-0.0106,+0.0228]   6/12     +0.0222   -0.0101
Blocks_cj_warmC_auto                  -0.0134     [-0.0292,+0.0024]   3/12     -0.0153   -0.0115
Blocks_cj_warmJ_auto                  -0.0153     [-0.0243,-0.0063]   3/12     -0.0157   -0.0149 <--
Blocks_cj_cold_auto                   -0.0402     [-0.0526,-0.0279]   1/12     -0.0429   -0.0376 <--
Blocks_cj_warm2_div_auto              -0.0424     [-0.0539,-0.0310]   0/12     -0.0503   -0.0346 <--

--- screening gates (design §6) ---
  G5 PASS  best warm (Blocks_uniform_cj_warm2_auto) - best single (CMAES_alone) +0.0359  (need >= +0.000)

--- run health ---
  no errored runs, every run spent its full budget

Null floor: on 3 seeds a CMA-ES-containing spec drifts by up to +-0.05 for no
reason at all, so a gate verdict inside that band is a direction, not evidence.
Only deltas larger than +-0.05 (or a CI that excludes zero, marked `<--`) count;
the 12-seed roster of §6 step 3 is what decides.
